Java HotSpot(TM) 64-Bit Server VM (25.191-b12) for linux-amd64 JRE (1.8.0_191-b12), built on Oct  6 2018 05:43:09 by "java_re" with gcc 7.3.0
Memory: 4k page, physical 8057612k(1431060k free), swap 8278012k(8278012k free)
CommandLine flags: -XX:CMSInitiatingOccupancyFraction=50 -XX:CMSMaxAbortablePrecleanTime=6000 -XX:+CMSParallelRemarkEnabled -XX:+CMSScavengeBeforeRemark -XX:ConcGCThreads=4 -XX:GCLogFileSize=20971520 -XX:InitialHeapSize=536870912 -XX:MaxHeapSize=536870912 -XX:MaxTenuringThreshold=8 -XX:NewRatio=3 -XX:NumberOfGCLogFiles=9 -XX:OldPLABSize=16 -XX:-OmitStackTraceInFastThrow -XX:OnOutOfMemoryError=/var/www/html/makaneyyat_last/API/solr-6.6.2/bin/oom_solr.sh 8983 /var/www/html/makaneyyat_last/API/solr-6.6.2/server/logs -XX:ParallelGCThreads=4 -XX:+ParallelRefProcEnabled -XX:PretenureSizeThreshold=67108864 -XX:+PrintGC -XX:+PrintGCApplicationStoppedTime -XX:+PrintGCDateStamps -XX:+PrintGCDetails -XX:+PrintGCTimeStamps -XX:+PrintHeapAtGC -XX:+PrintTenuringDistribution -XX:SurvivorRatio=4 -XX:TargetSurvivorRatio=90 -XX:ThreadStackSize=256 -XX:+UseCMSInitiatingOccupancyOnly -XX:+UseCompressedClassPointers -XX:+UseCompressedOops -XX:+UseConcMarkSweepGC -XX:+UseGCLogFileRotation -XX:+UseParNewGC 
2019-08-01T11:15:32.083+0300: 0.249: Total time for which application threads were stopped: 0.0001391 seconds, Stopping threads took: 0.0000209 seconds
2019-08-01T11:15:32.400+0300: 0.566: Total time for which application threads were stopped: 0.0001265 seconds, Stopping threads took: 0.0000363 seconds
2019-08-01T11:15:33.400+0300: 1.567: Total time for which application threads were stopped: 0.0001326 seconds, Stopping threads took: 0.0000343 seconds
2019-08-01T11:15:33.965+0300: 2.132: Total time for which application threads were stopped: 0.0001493 seconds, Stopping threads took: 0.0000151 seconds
2019-08-01T11:15:34.164+0300: 2.330: Total time for which application threads were stopped: 0.0001590 seconds, Stopping threads took: 0.0000124 seconds
2019-08-01T11:15:34.235+0300: 2.401: Total time for which application threads were stopped: 0.0001510 seconds, Stopping threads took: 0.0000132 seconds
2019-08-01T11:15:34.478+0300: 2.645: Total time for which application threads were stopped: 0.0002551 seconds, Stopping threads took: 0.0000150 seconds
2019-08-01T11:15:34.616+0300: 2.783: Total time for which application threads were stopped: 0.0002259 seconds, Stopping threads took: 0.0000150 seconds
2019-08-01T11:15:35.264+0300: 3.431: Total time for which application threads were stopped: 0.0006653 seconds, Stopping threads took: 0.0000525 seconds
2019-08-01T11:15:35.953+0300: 4.119: Total time for which application threads were stopped: 0.0006073 seconds, Stopping threads took: 0.0000606 seconds
2019-08-01T11:15:36.156+0300: 4.322: Total time for which application threads were stopped: 0.0002132 seconds, Stopping threads took: 0.0000156 seconds
2019-08-01T11:15:36.158+0300: 4.324: Total time for which application threads were stopped: 0.0001927 seconds, Stopping threads took: 0.0000139 seconds
2019-08-01T11:15:36.182+0300: 4.348: Total time for which application threads were stopped: 0.0002062 seconds, Stopping threads took: 0.0000142 seconds
2019-08-01T11:15:36.232+0300: 4.398: Total time for which application threads were stopped: 0.0003354 seconds, Stopping threads took: 0.0000266 seconds
2019-08-01T11:15:36.465+0300: 4.631: Total time for which application threads were stopped: 0.0001969 seconds, Stopping threads took: 0.0000288 seconds
2019-08-01T11:15:36.572+0300: 4.739: Total time for which application threads were stopped: 0.0003098 seconds, Stopping threads took: 0.0000293 seconds
{Heap before GC invocations=0 (full 0):
 par new generation   total 109248K, used 87424K [0x00000000e0000000, 0x00000000e8000000, 0x00000000e8000000)
  eden space 87424K, 100% used [0x00000000e0000000, 0x00000000e5560000, 0x00000000e5560000)
  from space 21824K,   0% used [0x00000000e5560000, 0x00000000e5560000, 0x00000000e6ab0000)
  to   space 21824K,   0% used [0x00000000e6ab0000, 0x00000000e6ab0000, 0x00000000e8000000)
 concurrent mark-sweep generation total 393216K, used 0K [0x00000000e8000000, 0x0000000100000000, 0x0000000100000000)
 Metaspace       used 19136K, capacity 19546K, committed 19968K, reserved 1067008K
  class space    used 2237K, capacity 2433K, committed 2560K, reserved 1048576K
2019-08-01T11:15:37.039+0300: 5.206: [GC (Allocation Failure) 2019-08-01T11:15:37.039+0300: 5.206: [ParNew
Desired survivor size 20112992 bytes, new threshold 8 (max 8)
- age   1:   11370776 bytes,   11370776 total
: 87424K->11219K(109248K), 0.0401538 secs] 87424K->11219K(502464K), 0.0402545 secs] [Times: user=0.09 sys=0.01, real=0.04 secs] 
Heap after GC invocations=1 (full 0):
 par new generation   total 109248K, used 11219K [0x00000000e0000000, 0x00000000e8000000, 0x00000000e8000000)
  eden space 87424K,   0% used [0x00000000e0000000, 0x00000000e0000000, 0x00000000e5560000)
  from space 21824K,  51% used [0x00000000e6ab0000, 0x00000000e75a4ef0, 0x00000000e8000000)
  to   space 21824K,   0% used [0x00000000e5560000, 0x00000000e5560000, 0x00000000e6ab0000)
 concurrent mark-sweep generation total 393216K, used 0K [0x00000000e8000000, 0x0000000100000000, 0x0000000100000000)
 Metaspace       used 19136K, capacity 19546K, committed 19968K, reserved 1067008K
  class space    used 2237K, capacity 2433K, committed 2560K, reserved 1048576K
}
2019-08-01T11:15:37.080+0300: 5.246: Total time for which application threads were stopped: 0.0405518 seconds, Stopping threads took: 0.0000367 seconds
2019-08-01T11:15:37.088+0300: 5.254: Total time for which application threads were stopped: 0.0009582 seconds, Stopping threads took: 0.0008726 seconds
2019-08-01T11:15:37.093+0300: 5.259: Total time for which application threads were stopped: 0.0001265 seconds, Stopping threads took: 0.0000570 seconds
2019-08-01T11:15:37.093+0300: 5.260: Total time for which application threads were stopped: 0.0000603 seconds, Stopping threads took: 0.0000169 seconds
2019-08-01T11:15:37.093+0300: 5.260: Total time for which application threads were stopped: 0.0000664 seconds, Stopping threads took: 0.0000248 seconds
2019-08-01T11:15:37.093+0300: 5.260: Total time for which application threads were stopped: 0.0001036 seconds, Stopping threads took: 0.0000617 seconds
2019-08-01T11:15:37.093+0300: 5.260: Total time for which application threads were stopped: 0.0000664 seconds, Stopping threads took: 0.0000172 seconds
2019-08-01T11:15:37.098+0300: 5.264: Total time for which application threads were stopped: 0.0004663 seconds, Stopping threads took: 0.0000362 seconds
2019-08-01T11:15:37.410+0300: 5.577: Total time for which application threads were stopped: 0.0001980 seconds, Stopping threads took: 0.0000532 seconds
2019-08-01T11:15:37.411+0300: 5.578: Total time for which application threads were stopped: 0.0001153 seconds, Stopping threads took: 0.0000557 seconds
2019-08-01T11:15:37.515+0300: 5.681: Total time for which application threads were stopped: 0.0033161 seconds, Stopping threads took: 0.0030371 seconds
2019-08-01T11:15:37.534+0300: 5.700: Total time for which application threads were stopped: 0.0000969 seconds, Stopping threads took: 0.0000389 seconds
2019-08-01T11:15:37.534+0300: 5.700: Total time for which application threads were stopped: 0.0001132 seconds, Stopping threads took: 0.0000568 seconds
2019-08-01T11:15:37.613+0300: 5.780: Total time for which application threads were stopped: 0.0001725 seconds, Stopping threads took: 0.0000499 seconds
2019-08-01T11:15:37.643+0300: 5.810: Total time for which application threads were stopped: 0.0001008 seconds, Stopping threads took: 0.0000476 seconds
2019-08-01T11:15:37.644+0300: 5.810: Total time for which application threads were stopped: 0.0000663 seconds, Stopping threads took: 0.0000327 seconds
2019-08-01T11:15:37.659+0300: 5.826: Total time for which application threads were stopped: 0.0000901 seconds, Stopping threads took: 0.0000242 seconds
2019-08-01T11:15:37.769+0300: 5.936: Total time for which application threads were stopped: 0.0001145 seconds, Stopping threads took: 0.0000193 seconds
2019-08-01T11:15:37.770+0300: 5.937: Total time for which application threads were stopped: 0.0000482 seconds, Stopping threads took: 0.0000141 seconds
2019-08-01T11:15:37.774+0300: 5.941: Total time for which application threads were stopped: 0.0000618 seconds, Stopping threads took: 0.0000161 seconds
2019-08-01T11:15:37.776+0300: 5.942: Total time for which application threads were stopped: 0.0000598 seconds, Stopping threads took: 0.0000177 seconds
2019-08-01T11:15:37.798+0300: 5.964: Total time for which application threads were stopped: 0.0001050 seconds, Stopping threads took: 0.0000257 seconds
2019-08-01T11:15:37.837+0300: 6.003: Total time for which application threads were stopped: 0.0001033 seconds, Stopping threads took: 0.0000280 seconds
2019-08-01T11:15:37.837+0300: 6.004: Total time for which application threads were stopped: 0.0000684 seconds, Stopping threads took: 0.0000202 seconds
2019-08-01T11:15:38.548+0300: 6.714: Total time for which application threads were stopped: 0.0001840 seconds, Stopping threads took: 0.0000528 seconds
2019-08-01T11:15:38.550+0300: 6.717: Total time for which application threads were stopped: 0.0002396 seconds, Stopping threads took: 0.0000445 seconds
2019-08-01T11:15:38.553+0300: 6.719: Total time for which application threads were stopped: 0.0001508 seconds, Stopping threads took: 0.0000461 seconds
2019-08-01T11:15:38.568+0300: 6.735: Total time for which application threads were stopped: 0.0001830 seconds, Stopping threads took: 0.0000489 seconds
2019-08-01T11:15:38.584+0300: 6.751: Total time for which application threads were stopped: 0.0001874 seconds, Stopping threads took: 0.0000538 seconds
2019-08-01T11:15:38.638+0300: 6.804: Total time for which application threads were stopped: 0.0000927 seconds, Stopping threads took: 0.0000355 seconds
2019-08-01T11:15:38.638+0300: 6.805: Total time for which application threads were stopped: 0.0000721 seconds, Stopping threads took: 0.0000253 seconds
2019-08-01T11:15:38.639+0300: 6.805: Total time for which application threads were stopped: 0.0000637 seconds, Stopping threads took: 0.0000235 seconds
2019-08-01T11:15:38.639+0300: 6.806: Total time for which application threads were stopped: 0.0002573 seconds, Stopping threads took: 0.0002047 seconds
2019-08-01T11:15:38.640+0300: 6.807: Total time for which application threads were stopped: 0.0000789 seconds, Stopping threads took: 0.0000319 seconds
2019-08-01T11:15:38.643+0300: 6.810: Total time for which application threads were stopped: 0.0000766 seconds, Stopping threads took: 0.0000279 seconds
2019-08-01T11:15:38.644+0300: 6.811: Total time for which application threads were stopped: 0.0000747 seconds, Stopping threads took: 0.0000271 seconds
2019-08-01T11:15:38.646+0300: 6.813: Total time for which application threads were stopped: 0.0000673 seconds, Stopping threads took: 0.0000244 seconds
2019-08-01T11:15:38.647+0300: 6.814: Total time for which application threads were stopped: 0.0001374 seconds, Stopping threads took: 0.0000224 seconds
2019-08-01T11:15:38.678+0300: 6.844: Total time for which application threads were stopped: 0.0001114 seconds, Stopping threads took: 0.0000243 seconds
2019-08-01T11:15:38.754+0300: 6.921: Total time for which application threads were stopped: 0.0001295 seconds, Stopping threads took: 0.0000455 seconds
2019-08-01T11:15:38.863+0300: 7.030: Total time for which application threads were stopped: 0.0001299 seconds, Stopping threads took: 0.0000423 seconds
2019-08-01T11:15:38.899+0300: 7.066: Total time for which application threads were stopped: 0.0001255 seconds, Stopping threads took: 0.0000446 seconds
2019-08-01T11:15:38.907+0300: 7.073: Total time for which application threads were stopped: 0.0000869 seconds, Stopping threads took: 0.0000420 seconds
2019-08-01T11:15:38.908+0300: 7.074: Total time for which application threads were stopped: 0.0003433 seconds, Stopping threads took: 0.0000401 seconds
2019-08-01T11:15:38.938+0300: 7.105: Total time for which application threads were stopped: 0.0003232 seconds, Stopping threads took: 0.0000273 seconds
2019-08-01T11:15:38.985+0300: 7.152: Total time for which application threads were stopped: 0.0001444 seconds, Stopping threads took: 0.0000537 seconds
2019-08-01T11:15:39.070+0300: 7.237: Total time for which application threads were stopped: 0.0001212 seconds, Stopping threads took: 0.0000160 seconds
2019-08-01T11:15:39.079+0300: 7.246: [GC (CMS Initial Mark) [1 CMS-initial-mark: 0K(393216K)] 88324K(502464K), 0.0094521 secs] [Times: user=0.03 sys=0.00, real=0.01 secs] 
2019-08-01T11:15:39.089+0300: 7.256: Total time for which application threads were stopped: 0.0095597 seconds, Stopping threads took: 0.0000165 seconds
2019-08-01T11:15:39.089+0300: 7.256: [CMS-concurrent-mark-start]
2019-08-01T11:15:39.089+0300: 7.256: [CMS-concurrent-mark: 0.000/0.000 secs] [Times: user=0.00 sys=0.00, real=0.00 secs] 
2019-08-01T11:15:39.089+0300: 7.256: [CMS-concurrent-preclean-start]
2019-08-01T11:15:39.090+0300: 7.257: [CMS-concurrent-preclean: 0.001/0.001 secs] [Times: user=0.00 sys=0.00, real=0.01 secs] 
2019-08-01T11:15:39.090+0300: 7.257: [CMS-concurrent-abortable-preclean-start]
{Heap before GC invocations=1 (full 1):
 par new generation   total 109248K, used 98643K [0x00000000e0000000, 0x00000000e8000000, 0x00000000e8000000)
  eden space 87424K, 100% used [0x00000000e0000000, 0x00000000e5560000, 0x00000000e5560000)
  from space 21824K,  51% used [0x00000000e6ab0000, 0x00000000e75a4ef0, 0x00000000e8000000)
  to   space 21824K,   0% used [0x00000000e5560000, 0x00000000e5560000, 0x00000000e6ab0000)
 concurrent mark-sweep generation total 393216K, used 0K [0x00000000e8000000, 0x0000000100000000, 0x0000000100000000)
 Metaspace       used 23587K, capacity 24112K, committed 24284K, reserved 1071104K
  class space    used 2822K, capacity 3010K, committed 3068K, reserved 1048576K
2019-08-01T11:15:39.145+0300: 7.311: [GC (Allocation Failure) 2019-08-01T11:15:39.145+0300: 7.311: [ParNew
Desired survivor size 20112992 bytes, new threshold 8 (max 8)
- age   1:    5895440 bytes,    5895440 total
- age   2:    5401024 bytes,   11296464 total
: 98643K->14280K(109248K), 0.0098461 secs] 98643K->14280K(502464K), 0.0099210 secs] [Times: user=0.03 sys=0.00, real=0.01 secs] 
Heap after GC invocations=2 (full 1):
 par new generation   total 109248K, used 14280K [0x00000000e0000000, 0x00000000e8000000, 0x00000000e8000000)
  eden space 87424K,   0% used [0x00000000e0000000, 0x00000000e0000000, 0x00000000e5560000)
  from space 21824K,  65% used [0x00000000e5560000, 0x00000000e6352340, 0x00000000e6ab0000)
  to   space 21824K,   0% used [0x00000000e6ab0000, 0x00000000e6ab0000, 0x00000000e8000000)
 concurrent mark-sweep generation total 393216K, used 0K [0x00000000e8000000, 0x0000000100000000, 0x0000000100000000)
 Metaspace       used 23587K, capacity 24112K, committed 24284K, reserved 1071104K
  class space    used 2822K, capacity 3010K, committed 3068K, reserved 1048576K
}
2019-08-01T11:15:39.155+0300: 7.321: Total time for which application threads were stopped: 0.0100456 seconds, Stopping threads took: 0.0000220 seconds
2019-08-01T11:15:39.159+0300: 7.326: Total time for which application threads were stopped: 0.0001368 seconds, Stopping threads took: 0.0000578 seconds
2019-08-01T11:15:39.173+0300: 7.340: Total time for which application threads were stopped: 0.0000971 seconds, Stopping threads took: 0.0000254 seconds
2019-08-01T11:15:39.182+0300: 7.349: Total time for which application threads were stopped: 0.0000752 seconds, Stopping threads took: 0.0000272 seconds
2019-08-01T11:15:39.219+0300: 7.385: Total time for which application threads were stopped: 0.0000780 seconds, Stopping threads took: 0.0000247 seconds
2019-08-01T11:15:39.219+0300: 7.386: Total time for which application threads were stopped: 0.0000431 seconds, Stopping threads took: 0.0000127 seconds
2019-08-01T11:15:39.220+0300: 7.386: Total time for which application threads were stopped: 0.0000670 seconds, Stopping threads took: 0.0000212 seconds
2019-08-01T11:15:39.227+0300: 7.394: Total time for which application threads were stopped: 0.0000977 seconds, Stopping threads took: 0.0000434 seconds
2019-08-01T11:15:39.227+0300: 7.394: Total time for which application threads were stopped: 0.0000603 seconds, Stopping threads took: 0.0000272 seconds
2019-08-01T11:15:39.227+0300: 7.394: Total time for which application threads were stopped: 0.0000726 seconds, Stopping threads took: 0.0000320 seconds
2019-08-01T11:15:39.228+0300: 7.394: Total time for which application threads were stopped: 0.0000475 seconds, Stopping threads took: 0.0000141 seconds
2019-08-01T11:15:39.230+0300: 7.397: Total time for which application threads were stopped: 0.0000753 seconds, Stopping threads took: 0.0000253 seconds
2019-08-01T11:15:39.230+0300: 7.397: Total time for which application threads were stopped: 0.0000441 seconds, Stopping threads took: 0.0000129 seconds
2019-08-01T11:15:39.230+0300: 7.397: Total time for which application threads were stopped: 0.0000361 seconds, Stopping threads took: 0.0000113 seconds
2019-08-01T11:15:39.230+0300: 7.397: Total time for which application threads were stopped: 0.0000359 seconds, Stopping threads took: 0.0000113 seconds
2019-08-01T11:15:39.232+0300: 7.398: Total time for which application threads were stopped: 0.0000616 seconds, Stopping threads took: 0.0000201 seconds
2019-08-01T11:15:39.279+0300: 7.446: Total time for which application threads were stopped: 0.0001040 seconds, Stopping threads took: 0.0000255 seconds
2019-08-01T11:15:39.430+0300: 7.597: Total time for which application threads were stopped: 0.0001225 seconds, Stopping threads took: 0.0000196 seconds
2019-08-01T11:15:39.490+0300: 7.657: Total time for which application threads were stopped: 0.0035976 seconds, Stopping threads took: 0.0035360 seconds
2019-08-01T11:15:39.490+0300: 7.657: [CMS-concurrent-abortable-preclean: 0.237/0.400 secs] [Times: user=0.84 sys=0.00, real=0.40 secs] 
2019-08-01T11:15:39.490+0300: 7.657: [GC (CMS Final Remark) [YG occupancy: 73671 K (109248 K)]{Heap before GC invocations=2 (full 1):
 par new generation   total 109248K, used 73671K [0x00000000e0000000, 0x00000000e8000000, 0x00000000e8000000)
  eden space 87424K,  67% used [0x00000000e0000000, 0x00000000e39ff9a0, 0x00000000e5560000)
  from space 21824K,  65% used [0x00000000e5560000, 0x00000000e6352340, 0x00000000e6ab0000)
  to   space 21824K,   0% used [0x00000000e6ab0000, 0x00000000e6ab0000, 0x00000000e8000000)
 concurrent mark-sweep generation total 393216K, used 0K [0x00000000e8000000, 0x0000000100000000, 0x0000000100000000)
 Metaspace       used 24391K, capacity 24956K, committed 25204K, reserved 1071104K
  class space    used 2933K, capacity 3140K, committed 3144K, reserved 1048576K
2019-08-01T11:15:39.490+0300: 7.657: [GC (CMS Final Remark) 2019-08-01T11:15:39.490+0300: 7.657: [ParNew
Desired survivor size 20112992 bytes, new threshold 8 (max 8)
- age   1:    1007816 bytes,    1007816 total
- age   2:    2382440 bytes,    3390256 total
- age   3:    5332984 bytes,    8723240 total
: 73671K->11843K(109248K), 0.0114817 secs] 73671K->11843K(502464K), 0.0115203 secs] [Times: user=0.03 sys=0.00, real=0.00 secs] 
Heap after GC invocations=3 (full 1):
 par new generation   total 109248K, used 11843K [0x00000000e0000000, 0x00000000e8000000, 0x00000000e8000000)
  eden space 87424K,   0% used [0x00000000e0000000, 0x00000000e0000000, 0x00000000e5560000)
  from space 21824K,  54% used [0x00000000e6ab0000, 0x00000000e7640fc0, 0x00000000e8000000)
  to   space 21824K,   0% used [0x00000000e5560000, 0x00000000e5560000, 0x00000000e6ab0000)
 concurrent mark-sweep generation total 393216K, used 0K [0x00000000e8000000, 0x0000000100000000, 0x0000000100000000)
 Metaspace       used 24391K, capacity 24956K, committed 25204K, reserved 1071104K
  class space    used 2933K, capacity 3140K, committed 3144K, reserved 1048576K
}
2019-08-01T11:15:39.502+0300: 7.668: [Rescan (parallel) , 0.0047928 secs]2019-08-01T11:15:39.507+0300: 7.673: [weak refs processing, 0.0084132 secs]2019-08-01T11:15:39.515+0300: 7.682: [class unloading, 0.0035821 secs]2019-08-01T11:15:39.519+0300: 7.685: [scrub symbol table, 0.0027454 secs]2019-08-01T11:15:39.521+0300: 7.688: [scrub string table, 0.0003665 secs][1 CMS-remark: 0K(393216K)] 11843K(502464K), 0.0321440 secs] [Times: user=0.07 sys=0.01, real=0.03 secs] 
2019-08-01T11:15:39.522+0300: 7.689: Total time for which application threads were stopped: 0.0322645 seconds, Stopping threads took: 0.0000472 seconds
2019-08-01T11:15:39.523+0300: 7.689: [CMS-concurrent-sweep-start]
2019-08-01T11:15:39.523+0300: 7.690: [CMS-concurrent-sweep: 0.000/0.000 secs] [Times: user=0.00 sys=0.00, real=0.00 secs] 
2019-08-01T11:15:39.523+0300: 7.690: [CMS-concurrent-reset-start]
2019-08-01T11:15:39.526+0300: 7.693: Total time for which application threads were stopped: 0.0001299 seconds, Stopping threads took: 0.0000480 seconds
2019-08-01T11:15:39.526+0300: 7.693: [CMS-concurrent-reset: 0.003/0.004 secs] [Times: user=0.01 sys=0.00, real=0.00 secs] 
2019-08-01T11:15:39.537+0300: 7.703: Total time for which application threads were stopped: 0.0000844 seconds, Stopping threads took: 0.0000341 seconds
2019-08-01T11:15:39.537+0300: 7.703: Total time for which application threads were stopped: 0.0000439 seconds, Stopping threads took: 0.0000145 seconds
2019-08-01T11:15:39.537+0300: 7.704: Total time for which application threads were stopped: 0.0000674 seconds, Stopping threads took: 0.0000411 seconds
2019-08-01T11:15:39.537+0300: 7.704: Total time for which application threads were stopped: 0.0000691 seconds, Stopping threads took: 0.0000394 seconds
2019-08-01T11:15:39.537+0300: 7.704: Total time for which application threads were stopped: 0.0000435 seconds, Stopping threads took: 0.0000201 seconds
2019-08-01T11:15:39.537+0300: 7.704: Total time for which application threads were stopped: 0.0000531 seconds, Stopping threads took: 0.0000293 seconds
2019-08-01T11:15:39.537+0300: 7.704: Total time for which application threads were stopped: 0.0000323 seconds, Stopping threads took: 0.0000123 seconds
2019-08-01T11:15:39.537+0300: 7.704: Total time for which application threads were stopped: 0.0000314 seconds, Stopping threads took: 0.0000110 seconds
2019-08-01T11:15:39.537+0300: 7.704: Total time for which application threads were stopped: 0.0000306 seconds, Stopping threads took: 0.0000111 seconds
2019-08-01T11:15:39.537+0300: 7.704: Total time for which application threads were stopped: 0.0000291 seconds, Stopping threads took: 0.0000113 seconds
2019-08-01T11:15:39.537+0300: 7.704: Total time for which application threads were stopped: 0.0000317 seconds, Stopping threads took: 0.0000118 seconds
2019-08-01T11:15:39.537+0300: 7.704: Total time for which application threads were stopped: 0.0000320 seconds, Stopping threads took: 0.0000117 seconds
2019-08-01T11:15:39.538+0300: 7.704: Total time for which application threads were stopped: 0.0000307 seconds, Stopping threads took: 0.0000103 seconds
2019-08-01T11:15:39.538+0300: 7.704: Total time for which application threads were stopped: 0.0000315 seconds, Stopping threads took: 0.0000109 seconds
2019-08-01T11:15:39.538+0300: 7.704: Total time for which application threads were stopped: 0.0000312 seconds, Stopping threads took: 0.0000111 seconds
2019-08-01T11:15:39.538+0300: 7.704: Total time for which application threads were stopped: 0.0001225 seconds, Stopping threads took: 0.0000103 seconds
2019-08-01T11:15:39.538+0300: 7.705: Total time for which application threads were stopped: 0.0000443 seconds, Stopping threads took: 0.0000115 seconds
2019-08-01T11:15:39.721+0300: 7.888: Total time for which application threads were stopped: 0.0000820 seconds, Stopping threads took: 0.0000230 seconds
2019-08-01T11:15:39.797+0300: 7.964: Total time for which application threads were stopped: 0.0003702 seconds, Stopping threads took: 0.0000184 seconds
2019-08-01T11:15:39.804+0300: 7.971: Total time for which application threads were stopped: 0.0000687 seconds, Stopping threads took: 0.0000244 seconds
2019-08-01T11:15:39.805+0300: 7.972: Total time for which application threads were stopped: 0.0000559 seconds, Stopping threads took: 0.0000200 seconds
2019-08-01T11:15:39.871+0300: 8.037: Total time for which application threads were stopped: 0.0003219 seconds, Stopping threads took: 0.0000159 seconds
{Heap before GC invocations=3 (full 1):
 par new generation   total 109248K, used 99267K [0x00000000e0000000, 0x00000000e8000000, 0x00000000e8000000)
  eden space 87424K, 100% used [0x00000000e0000000, 0x00000000e5560000, 0x00000000e5560000)
  from space 21824K,  54% used [0x00000000e6ab0000, 0x00000000e7640fc0, 0x00000000e8000000)
  to   space 21824K,   0% used [0x00000000e5560000, 0x00000000e5560000, 0x00000000e6ab0000)
 concurrent mark-sweep generation total 393216K, used 0K [0x00000000e8000000, 0x0000000100000000, 0x0000000100000000)
 Metaspace       used 25727K, capacity 26294K, committed 26696K, reserved 1073152K
  class space    used 3102K, capacity 3305K, committed 3400K, reserved 1048576K
2019-08-01T11:15:39.889+0300: 8.056: [GC (Allocation Failure) 2019-08-01T11:15:39.889+0300: 8.056: [ParNew
Desired survivor size 20112992 bytes, new threshold 8 (max 8)
- age   1:    1687168 bytes,    1687168 total
- age   2:     283328 bytes,    1970496 total
- age   3:    2221752 bytes,    4192248 total
- age   4:    5326368 bytes,    9518616 total
: 99267K->11687K(109248K), 0.0177572 secs] 99267K->11687K(502464K), 0.0178320 secs] [Times: user=0.04 sys=0.00, real=0.02 secs] 
Heap after GC invocations=4 (full 1):
 par new generation   total 109248K, used 11687K [0x00000000e0000000, 0x00000000e8000000, 0x00000000e8000000)
  eden space 87424K,   0% used [0x00000000e0000000, 0x00000000e0000000, 0x00000000e5560000)
  from space 21824K,  53% used [0x00000000e5560000, 0x00000000e60c9d60, 0x00000000e6ab0000)
  to   space 21824K,   0% used [0x00000000e6ab0000, 0x00000000e6ab0000, 0x00000000e8000000)
 concurrent mark-sweep generation total 393216K, used 0K [0x00000000e8000000, 0x0000000100000000, 0x0000000100000000)
 Metaspace       used 25727K, capacity 26294K, committed 26696K, reserved 1073152K
  class space    used 3102K, capacity 3305K, committed 3400K, reserved 1048576K
}
2019-08-01T11:15:39.907+0300: 8.073: Total time for which application threads were stopped: 0.0180031 seconds, Stopping threads took: 0.0000561 seconds
2019-08-01T11:15:40.140+0300: 8.307: Total time for which application threads were stopped: 0.0003649 seconds, Stopping threads took: 0.0000171 seconds
2019-08-01T11:15:40.168+0300: 8.335: Total time for which application threads were stopped: 0.0003120 seconds, Stopping threads took: 0.0000167 seconds
2019-08-01T11:15:40.227+0300: 8.394: Total time for which application threads were stopped: 0.0000920 seconds, Stopping threads took: 0.0000259 seconds
2019-08-01T11:15:40.227+0300: 8.394: Total time for which application threads were stopped: 0.0000919 seconds, Stopping threads took: 0.0000332 seconds
2019-08-01T11:15:40.228+0300: 8.395: Total time for which application threads were stopped: 0.0000670 seconds, Stopping threads took: 0.0000192 seconds
2019-08-01T11:15:40.360+0300: 8.526: Total time for which application threads were stopped: 0.0000739 seconds, Stopping threads took: 0.0000291 seconds
2019-08-01T11:15:40.360+0300: 8.526: Total time for which application threads were stopped: 0.0000315 seconds, Stopping threads took: 0.0000136 seconds
2019-08-01T11:15:40.479+0300: 8.646: Total time for which application threads were stopped: 0.0001447 seconds, Stopping threads took: 0.0000545 seconds
2019-08-01T11:15:40.679+0300: 8.845: Total time for which application threads were stopped: 0.0001040 seconds, Stopping threads took: 0.0000232 seconds
2019-08-01T11:15:40.682+0300: 8.848: Total time for which application threads were stopped: 0.0000704 seconds, Stopping threads took: 0.0000337 seconds
2019-08-01T11:15:40.692+0300: 8.859: Total time for which application threads were stopped: 0.0000591 seconds, Stopping threads took: 0.0000167 seconds
2019-08-01T11:15:40.696+0300: 8.863: Total time for which application threads were stopped: 0.0000678 seconds, Stopping threads took: 0.0000296 seconds
2019-08-01T11:15:40.701+0300: 8.868: Total time for which application threads were stopped: 0.0000950 seconds, Stopping threads took: 0.0000478 seconds
2019-08-01T11:15:40.737+0300: 8.904: Total time for which application threads were stopped: 0.0000662 seconds, Stopping threads took: 0.0000226 seconds
2019-08-01T11:15:40.737+0300: 8.904: Total time for which application threads were stopped: 0.0000325 seconds, Stopping threads took: 0.0000118 seconds
2019-08-01T11:15:40.763+0300: 8.929: Total time for which application threads were stopped: 0.0001334 seconds, Stopping threads took: 0.0000256 seconds
2019-08-01T11:15:41.018+0300: 9.185: Total time for which application threads were stopped: 0.0004526 seconds, Stopping threads took: 0.0000431 seconds
{Heap before GC invocations=4 (full 1):
 par new generation   total 109248K, used 99111K [0x00000000e0000000, 0x00000000e8000000, 0x00000000e8000000)
  eden space 87424K, 100% used [0x00000000e0000000, 0x00000000e5560000, 0x00000000e5560000)
  from space 21824K,  53% used [0x00000000e5560000, 0x00000000e60c9d60, 0x00000000e6ab0000)
  to   space 21824K,   0% used [0x00000000e6ab0000, 0x00000000e6ab0000, 0x00000000e8000000)
 concurrent mark-sweep generation total 393216K, used 0K [0x00000000e8000000, 0x0000000100000000, 0x0000000100000000)
 Metaspace       used 30419K, capacity 31098K, committed 31304K, reserved 1077248K
  class space    used 3664K, capacity 3897K, committed 3912K, reserved 1048576K
2019-08-01T11:15:41.107+0300: 9.274: [GC (Allocation Failure) 2019-08-01T11:15:41.107+0300: 9.274: [ParNew
Desired survivor size 20112992 bytes, new threshold 8 (max 8)
- age   1:    8326488 bytes,    8326488 total
- age   2:     414048 bytes,    8740536 total
- age   3:     277816 bytes,    9018352 total
- age   4:    1584272 bytes,   10602624 total
- age   5:    5287728 bytes,   15890352 total
: 99111K->18311K(109248K), 0.0625987 secs] 99111K->18311K(502464K), 0.0626693 secs] [Times: user=0.18 sys=0.00, real=0.06 secs] 
Heap after GC invocations=5 (full 1):
 par new generation   total 109248K, used 18311K [0x00000000e0000000, 0x00000000e8000000, 0x00000000e8000000)
  eden space 87424K,   0% used [0x00000000e0000000, 0x00000000e0000000, 0x00000000e5560000)
  from space 21824K,  83% used [0x00000000e6ab0000, 0x00000000e7c91fe8, 0x00000000e8000000)
  to   space 21824K,   0% used [0x00000000e5560000, 0x00000000e5560000, 0x00000000e6ab0000)
 concurrent mark-sweep generation total 393216K, used 0K [0x00000000e8000000, 0x0000000100000000, 0x0000000100000000)
 Metaspace       used 30419K, capacity 31098K, committed 31304K, reserved 1077248K
  class space    used 3664K, capacity 3897K, committed 3912K, reserved 1048576K
}
2019-08-01T11:15:41.170+0300: 9.336: Total time for which application threads were stopped: 0.0629098 seconds, Stopping threads took: 0.0000443 seconds
2019-08-01T11:15:41.206+0300: 9.372: Total time for which application threads were stopped: 0.0005031 seconds, Stopping threads took: 0.0000421 seconds
2019-08-01T11:15:41.291+0300: 9.458: Total time for which application threads were stopped: 0.0000993 seconds, Stopping threads took: 0.0000423 seconds
2019-08-01T11:15:41.440+0300: 9.607: Total time for which application threads were stopped: 0.0021374 seconds, Stopping threads took: 0.0020775 seconds
2019-08-01T11:15:41.441+0300: 9.607: Total time for which application threads were stopped: 0.0000649 seconds, Stopping threads took: 0.0000290 seconds
2019-08-01T11:15:41.441+0300: 9.608: Total time for which application threads were stopped: 0.0000460 seconds, Stopping threads took: 0.0000128 seconds
2019-08-01T11:15:41.441+0300: 9.608: Total time for which application threads were stopped: 0.0000381 seconds, Stopping threads took: 0.0000119 seconds
2019-08-01T11:15:41.442+0300: 9.608: Total time for which application threads were stopped: 0.0000834 seconds, Stopping threads took: 0.0000413 seconds
2019-08-01T11:15:41.442+0300: 9.609: Total time for which application threads were stopped: 0.0000678 seconds, Stopping threads took: 0.0000208 seconds
2019-08-01T11:15:41.443+0300: 9.609: Total time for which application threads were stopped: 0.0000743 seconds, Stopping threads took: 0.0000224 seconds
2019-08-01T11:15:41.443+0300: 9.609: Total time for which application threads were stopped: 0.0000485 seconds, Stopping threads took: 0.0000137 seconds
2019-08-01T11:15:41.444+0300: 9.610: Total time for which application threads were stopped: 0.0000780 seconds, Stopping threads took: 0.0000265 seconds
2019-08-01T11:15:41.444+0300: 9.611: Total time for which application threads were stopped: 0.0000798 seconds, Stopping threads took: 0.0000336 seconds
2019-08-01T11:15:41.444+0300: 9.611: Total time for which application threads were stopped: 0.0000596 seconds, Stopping threads took: 0.0000254 seconds
2019-08-01T11:15:41.483+0300: 9.650: Total time for which application threads were stopped: 0.0001251 seconds, Stopping threads took: 0.0000443 seconds
2019-08-01T11:15:41.484+0300: 9.651: Total time for which application threads were stopped: 0.0000740 seconds, Stopping threads took: 0.0000263 seconds
2019-08-01T11:15:41.485+0300: 9.651: Total time for which application threads were stopped: 0.0000793 seconds, Stopping threads took: 0.0000329 seconds
2019-08-01T11:15:41.857+0300: 10.024: Total time for which application threads were stopped: 0.0000727 seconds, Stopping threads took: 0.0000195 seconds
2019-08-01T11:15:50.307+0300: 18.473: Total time for which application threads were stopped: 0.0000477 seconds, Stopping threads took: 0.0000135 seconds
2019-08-01T11:15:50.307+0300: 18.473: Total time for which application threads were stopped: 0.0000464 seconds, Stopping threads took: 0.0000243 seconds
2019-08-01T11:15:50.307+0300: 18.474: Total time for which application threads were stopped: 0.0001211 seconds, Stopping threads took: 0.0000242 seconds
2019-08-01T11:15:50.307+0300: 18.474: Total time for which application threads were stopped: 0.0000454 seconds, Stopping threads took: 0.0000246 seconds
2019-08-01T11:15:50.333+0300: 18.499: Total time for which application threads were stopped: 0.0000681 seconds, Stopping threads took: 0.0000291 seconds
2019-08-01T11:15:50.333+0300: 18.500: Total time for which application threads were stopped: 0.0000468 seconds, Stopping threads took: 0.0000144 seconds
2019-08-01T11:15:50.334+0300: 18.500: Total time for which application threads were stopped: 0.0000225 seconds, Stopping threads took: 0.0000067 seconds
2019-08-01T11:15:50.334+0300: 18.500: Total time for which application threads were stopped: 0.0000208 seconds, Stopping threads took: 0.0000061 seconds
2019-08-01T11:15:50.334+0300: 18.500: Total time for which application threads were stopped: 0.0000198 seconds, Stopping threads took: 0.0000060 seconds
2019-08-01T11:15:50.334+0300: 18.500: Total time for which application threads were stopped: 0.0000239 seconds, Stopping threads took: 0.0000060 seconds
2019-08-01T11:15:50.334+0300: 18.500: Total time for which application threads were stopped: 0.0000199 seconds, Stopping threads took: 0.0000060 seconds
2019-08-01T11:15:50.334+0300: 18.500: Total time for which application threads were stopped: 0.0000908 seconds, Stopping threads took: 0.0000051 seconds
2019-08-01T11:15:50.334+0300: 18.501: Total time for which application threads were stopped: 0.0000313 seconds, Stopping threads took: 0.0000090 seconds
2019-08-01T11:15:50.335+0300: 18.502: Total time for which application threads were stopped: 0.0000471 seconds, Stopping threads took: 0.0000132 seconds
2019-08-01T11:15:50.335+0300: 18.502: Total time for which application threads were stopped: 0.0000279 seconds, Stopping threads took: 0.0000057 seconds
2019-08-01T11:15:50.335+0300: 18.502: Total time for which application threads were stopped: 0.0000250 seconds, Stopping threads took: 0.0000053 seconds
2019-08-01T11:15:50.335+0300: 18.502: Total time for which application threads were stopped: 0.0000581 seconds, Stopping threads took: 0.0000304 seconds
2019-08-01T11:15:50.335+0300: 18.502: Total time for which application threads were stopped: 0.0000316 seconds, Stopping threads took: 0.0000099 seconds
2019-08-01T11:15:50.338+0300: 18.505: Total time for which application threads were stopped: 0.0000655 seconds, Stopping threads took: 0.0000169 seconds
2019-08-01T11:15:50.361+0300: 18.528: Total time for which application threads were stopped: 0.0003222 seconds, Stopping threads took: 0.0000163 seconds
2019-08-01T11:15:50.462+0300: 18.628: Total time for which application threads were stopped: 0.0000896 seconds, Stopping threads took: 0.0000219 seconds
2019-08-01T11:15:50.487+0300: 18.654: Total time for which application threads were stopped: 0.0000845 seconds, Stopping threads took: 0.0000385 seconds
2019-08-01T11:15:50.552+0300: 18.719: Total time for which application threads were stopped: 0.0003195 seconds, Stopping threads took: 0.0000148 seconds
2019-08-01T11:15:50.666+0300: 18.833: Total time for which application threads were stopped: 0.0000691 seconds, Stopping threads took: 0.0000162 seconds
2019-08-01T11:15:50.667+0300: 18.834: Total time for which application threads were stopped: 0.0000685 seconds, Stopping threads took: 0.0000192 seconds
2019-08-01T11:15:50.669+0300: 18.835: Total time for which application threads were stopped: 0.0000608 seconds, Stopping threads took: 0.0000223 seconds
2019-08-01T11:15:50.671+0300: 18.838: Total time for which application threads were stopped: 0.0000859 seconds, Stopping threads took: 0.0000391 seconds
2019-08-01T11:15:50.671+0300: 18.838: Total time for which application threads were stopped: 0.0000502 seconds, Stopping threads took: 0.0000219 seconds
2019-08-01T11:15:50.671+0300: 18.838: Total time for which application threads were stopped: 0.0000588 seconds, Stopping threads took: 0.0000339 seconds
2019-08-01T11:15:50.671+0300: 18.838: Total time for which application threads were stopped: 0.0000349 seconds, Stopping threads took: 0.0000129 seconds
2019-08-01T11:15:50.672+0300: 18.838: Total time for which application threads were stopped: 0.0000377 seconds, Stopping threads took: 0.0000157 seconds
2019-08-01T11:15:50.673+0300: 18.840: Total time for which application threads were stopped: 0.0000941 seconds, Stopping threads took: 0.0000236 seconds
2019-08-01T11:15:50.674+0300: 18.841: Total time for which application threads were stopped: 0.0000584 seconds, Stopping threads took: 0.0000221 seconds
2019-08-01T11:15:50.675+0300: 18.841: Total time for which application threads were stopped: 0.0000805 seconds, Stopping threads took: 0.0000327 seconds
2019-08-01T11:15:50.679+0300: 18.845: Total time for which application threads were stopped: 0.0001218 seconds, Stopping threads took: 0.0000740 seconds
2019-08-01T11:15:50.686+0300: 18.853: Total time for which application threads were stopped: 0.0001046 seconds, Stopping threads took: 0.0000300 seconds
2019-08-01T11:15:50.686+0300: 18.853: Total time for which application threads were stopped: 0.0000355 seconds, Stopping threads took: 0.0000130 seconds
2019-08-01T11:15:50.694+0300: 18.861: Total time for which application threads were stopped: 0.0001196 seconds, Stopping threads took: 0.0000509 seconds
2019-08-01T11:15:51.695+0300: 19.861: Total time for which application threads were stopped: 0.0002318 seconds, Stopping threads took: 0.0000442 seconds
2019-08-01T11:17:06.012+0300: 94.179: Total time for which application threads were stopped: 0.0000657 seconds, Stopping threads took: 0.0000290 seconds
2019-08-01T11:17:06.012+0300: 94.179: Total time for which application threads were stopped: 0.0000304 seconds, Stopping threads took: 0.0000111 seconds
2019-08-01T11:17:06.012+0300: 94.179: Total time for which application threads were stopped: 0.0000498 seconds, Stopping threads took: 0.0000243 seconds
2019-08-01T11:17:06.012+0300: 94.179: Total time for which application threads were stopped: 0.0001516 seconds, Stopping threads took: 0.0001224 seconds
2019-08-01T11:17:06.013+0300: 94.179: Total time for which application threads were stopped: 0.0000496 seconds, Stopping threads took: 0.0000252 seconds
2019-08-01T11:17:06.013+0300: 94.179: Total time for which application threads were stopped: 0.0000463 seconds, Stopping threads took: 0.0000234 seconds
2019-08-01T11:17:06.013+0300: 94.179: Total time for which application threads were stopped: 0.0000243 seconds, Stopping threads took: 0.0000081 seconds
2019-08-01T11:17:06.028+0300: 94.194: Total time for which application threads were stopped: 0.0000691 seconds, Stopping threads took: 0.0000204 seconds
2019-08-01T11:17:06.033+0300: 94.200: Total time for which application threads were stopped: 0.0000555 seconds, Stopping threads took: 0.0000159 seconds
2019-08-01T11:17:07.033+0300: 95.200: Total time for which application threads were stopped: 0.0001382 seconds, Stopping threads took: 0.0000369 seconds
2019-08-01T11:17:30.749+0300: 118.916: Total time for which application threads were stopped: 0.0000679 seconds, Stopping threads took: 0.0000183 seconds
2019-08-01T11:18:30.759+0300: 178.926: Total time for which application threads were stopped: 0.0002547 seconds, Stopping threads took: 0.0001130 seconds
2019-08-01T11:18:46.057+0300: 194.224: Total time for which application threads were stopped: 0.0001064 seconds, Stopping threads took: 0.0000374 seconds
2019-08-01T11:18:47.058+0300: 195.224: Total time for which application threads were stopped: 0.0000868 seconds, Stopping threads took: 0.0000260 seconds
2019-08-01T11:19:46.067+0300: 254.234: Total time for which application threads were stopped: 0.0000763 seconds, Stopping threads took: 0.0000318 seconds
2019-08-01T11:19:52.930+0300: 261.096: Total time for which application threads were stopped: 0.0001082 seconds, Stopping threads took: 0.0000192 seconds
2019-08-01T11:19:52.930+0300: 261.097: Total time for which application threads were stopped: 0.0000526 seconds, Stopping threads took: 0.0000103 seconds
2019-08-01T11:19:52.943+0300: 261.110: Total time for which application threads were stopped: 0.0001016 seconds, Stopping threads took: 0.0000323 seconds
2019-08-01T11:19:52.946+0300: 261.113: Total time for which application threads were stopped: 0.0001033 seconds, Stopping threads took: 0.0000398 seconds
2019-08-01T11:19:53.947+0300: 262.113: Total time for which application threads were stopped: 0.0002422 seconds, Stopping threads took: 0.0000967 seconds
2019-08-01T11:19:57.947+0300: 266.114: Total time for which application threads were stopped: 0.0001077 seconds, Stopping threads took: 0.0000517 seconds
2019-08-01T11:21:32.976+0300: 361.143: Total time for which application threads were stopped: 0.0004267 seconds, Stopping threads took: 0.0001497 seconds
2019-08-01T11:29:55.073+0300: 863.240: Total time for which application threads were stopped: 0.0000738 seconds, Stopping threads took: 0.0000302 seconds
2019-08-01T11:29:55.073+0300: 863.240: Total time for which application threads were stopped: 0.0000500 seconds, Stopping threads took: 0.0000243 seconds
2019-08-01T11:29:55.086+0300: 863.253: Total time for which application threads were stopped: 0.0000918 seconds, Stopping threads took: 0.0000270 seconds
2019-08-01T11:29:55.089+0300: 863.256: Total time for which application threads were stopped: 0.0000837 seconds, Stopping threads took: 0.0000274 seconds
2019-08-01T11:29:56.089+0300: 864.256: Total time for which application threads were stopped: 0.0001356 seconds, Stopping threads took: 0.0000366 seconds
2019-08-01T11:31:35.110+0300: 963.276: Total time for which application threads were stopped: 0.0000844 seconds, Stopping threads took: 0.0000332 seconds
2019-08-01T11:33:58.141+0300: 1106.307: Total time for which application threads were stopped: 0.0000903 seconds, Stopping threads took: 0.0000377 seconds
2019-08-01T11:42:50.766+0300: 1638.932: Total time for which application threads were stopped: 0.0000732 seconds, Stopping threads took: 0.0000298 seconds
2019-08-01T11:42:50.766+0300: 1638.933: Total time for which application threads were stopped: 0.0000935 seconds, Stopping threads took: 0.0000224 seconds
2019-08-01T11:42:50.766+0300: 1638.933: Total time for which application threads were stopped: 0.0000662 seconds, Stopping threads took: 0.0000338 seconds
2019-08-01T11:42:50.792+0300: 1638.958: Total time for which application threads were stopped: 0.0000818 seconds, Stopping threads took: 0.0000329 seconds
2019-08-01T11:42:50.796+0300: 1638.962: Total time for which application threads were stopped: 0.0001117 seconds, Stopping threads took: 0.0000651 seconds
2019-08-01T11:42:51.796+0300: 1639.962: Total time for which application threads were stopped: 0.0000769 seconds, Stopping threads took: 0.0000174 seconds
2019-08-01T11:43:04.902+0300: 1653.069: Total time for which application threads were stopped: 0.0002003 seconds, Stopping threads took: 0.0000552 seconds
2019-08-01T11:43:04.903+0300: 1653.069: Total time for which application threads were stopped: 0.0000732 seconds, Stopping threads took: 0.0000250 seconds
2019-08-01T11:43:04.913+0300: 1653.079: Total time for which application threads were stopped: 0.0000952 seconds, Stopping threads took: 0.0000403 seconds
2019-08-01T11:43:04.916+0300: 1653.082: Total time for which application threads were stopped: 0.0000821 seconds, Stopping threads took: 0.0000312 seconds
2019-08-01T11:43:05.916+0300: 1654.083: Total time for which application threads were stopped: 0.0001444 seconds, Stopping threads took: 0.0000406 seconds
2019-08-01T11:44:30.817+0300: 1738.984: Total time for which application threads were stopped: 0.0001087 seconds, Stopping threads took: 0.0000429 seconds
2019-08-01T11:44:40.819+0300: 1748.985: Total time for which application threads were stopped: 0.0000693 seconds, Stopping threads took: 0.0000206 seconds
2019-08-01T11:44:44.936+0300: 1753.102: Total time for which application threads were stopped: 0.0002383 seconds, Stopping threads took: 0.0000539 seconds
2019-08-01T11:50:19.985+0300: 2088.152: Total time for which application threads were stopped: 0.0003200 seconds, Stopping threads took: 0.0001501 seconds
2019-08-01T11:50:21.986+0300: 2090.152: Total time for which application threads were stopped: 0.0002821 seconds, Stopping threads took: 0.0000726 seconds
2019-08-01T12:08:52.162+0300: 3200.329: Total time for which application threads were stopped: 0.0004162 seconds, Stopping threads took: 0.0001350 seconds
2019-08-01T12:09:35.169+0300: 3243.336: Total time for which application threads were stopped: 0.0002529 seconds, Stopping threads took: 0.0001077 seconds
2019-08-01T12:13:50.263+0300: 3498.430: Total time for which application threads were stopped: 0.0000849 seconds, Stopping threads took: 0.0000344 seconds
2019-08-01T12:13:50.263+0300: 3498.430: Total time for which application threads were stopped: 0.0000917 seconds, Stopping threads took: 0.0000354 seconds
2019-08-01T12:13:50.279+0300: 3498.446: Total time for which application threads were stopped: 0.0002215 seconds, Stopping threads took: 0.0000900 seconds
2019-08-01T12:13:50.283+0300: 3498.450: Total time for which application threads were stopped: 0.0000801 seconds, Stopping threads took: 0.0000239 seconds
2019-08-01T12:13:51.283+0300: 3499.450: Total time for which application threads were stopped: 0.0001101 seconds, Stopping threads took: 0.0000195 seconds
2019-08-01T12:15:30.303+0300: 3598.470: Total time for which application threads were stopped: 0.0002298 seconds, Stopping threads took: 0.0000890 seconds
2019-08-01T12:17:05.314+0300: 3693.481: Total time for which application threads were stopped: 0.0002088 seconds, Stopping threads took: 0.0000876 seconds
2019-08-01T12:17:40.710+0300: 3728.877: Total time for which application threads were stopped: 0.0000938 seconds, Stopping threads took: 0.0000396 seconds
2019-08-01T12:17:40.711+0300: 3728.877: Total time for which application threads were stopped: 0.0001031 seconds, Stopping threads took: 0.0000436 seconds
2019-08-01T12:17:40.730+0300: 3728.896: Total time for which application threads were stopped: 0.0001173 seconds, Stopping threads took: 0.0000551 seconds
2019-08-01T12:17:40.733+0300: 3728.900: Total time for which application threads were stopped: 0.0001175 seconds, Stopping threads took: 0.0000674 seconds
2019-08-01T12:17:50.735+0300: 3738.901: Total time for which application threads were stopped: 0.0002987 seconds, Stopping threads took: 0.0000565 seconds
2019-08-01T12:19:20.760+0300: 3828.926: Total time for which application threads were stopped: 0.0002912 seconds, Stopping threads took: 0.0001074 seconds
2019-08-01T12:22:12.793+0300: 4000.959: Total time for which application threads were stopped: 0.0000886 seconds, Stopping threads took: 0.0000385 seconds
2019-08-01T12:44:23.046+0300: 5331.213: Total time for which application threads were stopped: 0.0002476 seconds, Stopping threads took: 0.0001027 seconds
2019-08-01T13:05:42.269+0300: 6610.436: Total time for which application threads were stopped: 0.0003294 seconds, Stopping threads took: 0.0001339 seconds
2019-08-01T13:06:05.273+0300: 6633.440: Total time for which application threads were stopped: 0.0001259 seconds, Stopping threads took: 0.0000550 seconds
2019-08-01T13:08:35.299+0300: 6783.465: Total time for which application threads were stopped: 0.0003139 seconds, Stopping threads took: 0.0001308 seconds
2019-08-01T13:09:05.304+0300: 6813.471: Total time for which application threads were stopped: 0.0003967 seconds, Stopping threads took: 0.0001675 seconds
2019-08-01T13:11:05.328+0300: 6933.495: Total time for which application threads were stopped: 0.0001803 seconds, Stopping threads took: 0.0000637 seconds
2019-08-01T13:11:35.333+0300: 6963.500: Total time for which application threads were stopped: 0.0002558 seconds, Stopping threads took: 0.0001246 seconds
2019-08-01T13:23:05.461+0300: 7653.628: Total time for which application threads were stopped: 0.0000994 seconds, Stopping threads took: 0.0000285 seconds
2019-08-01T13:24:05.473+0300: 7713.640: Total time for which application threads were stopped: 0.0001017 seconds, Stopping threads took: 0.0000391 seconds
2019-08-01T13:57:08.714+0300: 9696.880: Total time for which application threads were stopped: 0.0001198 seconds, Stopping threads took: 0.0000427 seconds
2019-08-01T13:57:08.714+0300: 9696.881: Total time for which application threads were stopped: 0.0001026 seconds, Stopping threads took: 0.0000410 seconds
2019-08-01T13:57:08.728+0300: 9696.894: Total time for which application threads were stopped: 0.0000716 seconds, Stopping threads took: 0.0000181 seconds
2019-08-01T13:57:08.734+0300: 9696.901: Total time for which application threads were stopped: 0.0001399 seconds, Stopping threads took: 0.0000428 seconds
2019-08-01T13:57:09.734+0300: 9697.901: Total time for which application threads were stopped: 0.0000581 seconds, Stopping threads took: 0.0000164 seconds
2019-08-01T13:57:58.741+0300: 9746.908: Total time for which application threads were stopped: 0.0002538 seconds, Stopping threads took: 0.0001077 seconds
2019-08-01T13:58:48.749+0300: 9796.916: Total time for which application threads were stopped: 0.0003536 seconds, Stopping threads took: 0.0001165 seconds
2019-08-01T14:07:17.231+0300: 10305.398: Total time for which application threads were stopped: 0.0000767 seconds, Stopping threads took: 0.0000309 seconds
2019-08-01T14:07:17.231+0300: 10305.398: Total time for which application threads were stopped: 0.0000496 seconds, Stopping threads took: 0.0000259 seconds
2019-08-01T14:07:17.241+0300: 10305.407: Total time for which application threads were stopped: 0.0001177 seconds, Stopping threads took: 0.0000204 seconds
2019-08-01T14:07:17.249+0300: 10305.415: Total time for which application threads were stopped: 0.0000875 seconds, Stopping threads took: 0.0000245 seconds
2019-08-01T14:07:17.252+0300: 10305.419: Total time for which application threads were stopped: 0.0001070 seconds, Stopping threads took: 0.0000523 seconds
2019-08-01T14:08:52.120+0300: 10400.286: Total time for which application threads were stopped: 0.0000738 seconds, Stopping threads took: 0.0000308 seconds
2019-08-01T14:08:52.120+0300: 10400.287: Total time for which application threads were stopped: 0.0000535 seconds, Stopping threads took: 0.0000248 seconds
2019-08-01T14:08:52.129+0300: 10400.296: Total time for which application threads were stopped: 0.0000803 seconds, Stopping threads took: 0.0000317 seconds
2019-08-01T14:08:52.132+0300: 10400.299: Total time for which application threads were stopped: 0.0001091 seconds, Stopping threads took: 0.0000455 seconds
2019-08-01T14:08:53.132+0300: 10401.299: Total time for which application threads were stopped: 0.0000903 seconds, Stopping threads took: 0.0000199 seconds
2019-08-01T14:08:57.259+0300: 10405.425: Total time for which application threads were stopped: 0.0000618 seconds, Stopping threads took: 0.0000163 seconds
2019-08-01T14:10:32.147+0300: 10500.314: Total time for which application threads were stopped: 0.0001790 seconds, Stopping threads took: 0.0000615 seconds
2019-08-01T14:10:35.148+0300: 10503.315: Total time for which application threads were stopped: 0.0002794 seconds, Stopping threads took: 0.0000780 seconds
2019-08-01T14:11:18.180+0300: 10546.347: Total time for which application threads were stopped: 0.0000871 seconds, Stopping threads took: 0.0000346 seconds
2019-08-01T14:11:18.180+0300: 10546.347: Total time for which application threads were stopped: 0.0000577 seconds, Stopping threads took: 0.0000252 seconds
2019-08-01T14:11:18.191+0300: 10546.358: Total time for which application threads were stopped: 0.0001464 seconds, Stopping threads took: 0.0000778 seconds
2019-08-01T14:11:18.195+0300: 10546.362: Total time for which application threads were stopped: 0.0001714 seconds, Stopping threads took: 0.0001053 seconds
2019-08-01T14:11:19.195+0300: 10547.362: Total time for which application threads were stopped: 0.0001840 seconds, Stopping threads took: 0.0000537 seconds
2019-08-01T14:12:58.208+0300: 10646.374: Total time for which application threads were stopped: 0.0000859 seconds, Stopping threads took: 0.0000338 seconds
2019-08-01T14:50:34.917+0300: 12903.084: Total time for which application threads were stopped: 0.0001471 seconds, Stopping threads took: 0.0000609 seconds
2019-08-01T14:50:34.918+0300: 12903.085: Total time for which application threads were stopped: 0.0001839 seconds, Stopping threads took: 0.0001174 seconds
2019-08-01T14:50:34.939+0300: 12903.106: Total time for which application threads were stopped: 0.0000871 seconds, Stopping threads took: 0.0000337 seconds
2019-08-01T14:50:34.943+0300: 12903.110: Total time for which application threads were stopped: 0.0000884 seconds, Stopping threads took: 0.0000280 seconds
2019-08-01T14:50:35.944+0300: 12904.110: Total time for which application threads were stopped: 0.0000630 seconds, Stopping threads took: 0.0000161 seconds
2019-08-01T14:52:14.967+0300: 13003.134: Total time for which application threads were stopped: 0.0004836 seconds, Stopping threads took: 0.0001864 seconds
2019-08-01T14:52:15.967+0300: 13004.134: Total time for which application threads were stopped: 0.0001084 seconds, Stopping threads took: 0.0000300 seconds
2019-08-01T14:53:28.418+0300: 13076.585: Total time for which application threads were stopped: 0.0000802 seconds, Stopping threads took: 0.0000319 seconds
2019-08-01T14:53:28.419+0300: 13076.585: Total time for which application threads were stopped: 0.0000441 seconds, Stopping threads took: 0.0000105 seconds
2019-08-01T14:53:28.431+0300: 13076.598: Total time for which application threads were stopped: 0.0001085 seconds, Stopping threads took: 0.0000440 seconds
2019-08-01T14:53:28.435+0300: 13076.601: Total time for which application threads were stopped: 0.0001211 seconds, Stopping threads took: 0.0000236 seconds
2019-08-01T14:53:28.444+0300: 13076.611: Total time for which application threads were stopped: 0.0000818 seconds, Stopping threads took: 0.0000290 seconds
2019-08-01T14:53:29.445+0300: 13077.611: Total time for which application threads were stopped: 0.0002206 seconds, Stopping threads took: 0.0000680 seconds
2019-08-01T14:54:12.553+0300: 13120.719: Total time for which application threads were stopped: 0.0000800 seconds, Stopping threads took: 0.0000322 seconds
2019-08-01T14:54:12.553+0300: 13120.720: Total time for which application threads were stopped: 0.0000997 seconds, Stopping threads took: 0.0000568 seconds
2019-08-01T14:54:12.563+0300: 13120.730: Total time for which application threads were stopped: 0.0000944 seconds, Stopping threads took: 0.0000287 seconds
2019-08-01T14:54:12.566+0300: 13120.733: Total time for which application threads were stopped: 0.0001104 seconds, Stopping threads took: 0.0000433 seconds
2019-08-01T14:54:12.724+0300: 13120.890: Total time for which application threads were stopped: 0.0001233 seconds, Stopping threads took: 0.0000231 seconds
2019-08-01T14:55:37.171+0300: 13205.337: Total time for which application threads were stopped: 0.0001080 seconds, Stopping threads took: 0.0000422 seconds
2019-08-01T14:55:37.171+0300: 13205.338: Total time for which application threads were stopped: 0.0000754 seconds, Stopping threads took: 0.0000322 seconds
2019-08-01T14:55:37.183+0300: 13205.350: Total time for which application threads were stopped: 0.0001241 seconds, Stopping threads took: 0.0000344 seconds
2019-08-01T14:55:37.187+0300: 13205.353: Total time for which application threads were stopped: 0.0001074 seconds, Stopping threads took: 0.0000457 seconds
2019-08-01T14:55:37.340+0300: 13205.507: Total time for which application threads were stopped: 0.0000965 seconds, Stopping threads took: 0.0000223 seconds
2019-08-01T14:57:17.268+0300: 13305.435: Total time for which application threads were stopped: 0.0001508 seconds, Stopping threads took: 0.0000503 seconds
2019-08-01T14:59:33.292+0300: 13441.459: Total time for which application threads were stopped: 0.0001615 seconds, Stopping threads took: 0.0000452 seconds
2019-08-01T14:59:38.293+0300: 13446.459: Total time for which application threads were stopped: 0.0001042 seconds, Stopping threads took: 0.0000360 seconds
2019-08-01T15:08:05.363+0300: 13953.530: Total time for which application threads were stopped: 0.0001196 seconds, Stopping threads took: 0.0000596 seconds
2019-08-01T15:08:35.369+0300: 13983.536: Total time for which application threads were stopped: 0.0001742 seconds, Stopping threads took: 0.0000654 seconds
2019-08-01T15:34:31.421+0300: 15539.588: Total time for which application threads were stopped: 0.0208534 seconds, Stopping threads took: 0.0001060 seconds
2019-08-01T15:34:31.451+0300: 15539.617: Total time for which application threads were stopped: 0.0153201 seconds, Stopping threads took: 0.0151396 seconds
2019-08-01T15:34:32.121+0300: 15540.287: Total time for which application threads were stopped: 0.0001929 seconds, Stopping threads took: 0.0000437 seconds
2019-08-01T15:34:32.128+0300: 15540.295: Total time for which application threads were stopped: 0.0000821 seconds, Stopping threads took: 0.0000260 seconds
{Heap before GC invocations=5 (full 1):
 par new generation   total 109248K, used 105735K [0x00000000e0000000, 0x00000000e8000000, 0x00000000e8000000)
  eden space 87424K, 100% used [0x00000000e0000000, 0x00000000e5560000, 0x00000000e5560000)
  from space 21824K,  83% used [0x00000000e6ab0000, 0x00000000e7c91fe8, 0x00000000e8000000)
  to   space 21824K,   0% used [0x00000000e5560000, 0x00000000e5560000, 0x00000000e6ab0000)
 concurrent mark-sweep generation total 393216K, used 0K [0x00000000e8000000, 0x0000000100000000, 0x0000000100000000)
 Metaspace       used 34656K, capacity 35454K, committed 35656K, reserved 1081344K
  class space    used 4150K, capacity 4401K, committed 4424K, reserved 1048576K
2019-08-01T15:34:32.160+0300: 15540.327: [GC (Allocation Failure) 2019-08-01T15:34:32.160+0300: 15540.327: [ParNew
Desired survivor size 20112992 bytes, new threshold 6 (max 8)
- age   1:    9458336 bytes,    9458336 total
- age   2:    4254592 bytes,   13712928 total
- age   3:     402072 bytes,   14115000 total
- age   4:     276696 bytes,   14391696 total
- age   5:    1545024 bytes,   15936720 total
- age   6:    5268064 bytes,   21204784 total
: 105735K->21824K(109248K), 0.0326948 secs] 105735K->21833K(502464K), 0.0327838 secs] [Times: user=0.06 sys=0.01, real=0.04 secs] 
Heap after GC invocations=6 (full 1):
 par new generation   total 109248K, used 21824K [0x00000000e0000000, 0x00000000e8000000, 0x00000000e8000000)
  eden space 87424K,   0% used [0x00000000e0000000, 0x00000000e0000000, 0x00000000e5560000)
  from space 21824K, 100% used [0x00000000e5560000, 0x00000000e6ab0000, 0x00000000e6ab0000)
  to   space 21824K,   0% used [0x00000000e6ab0000, 0x00000000e6ab0000, 0x00000000e8000000)
 concurrent mark-sweep generation total 393216K, used 9K [0x00000000e8000000, 0x0000000100000000, 0x0000000100000000)
 Metaspace       used 34656K, capacity 35454K, committed 35656K, reserved 1081344K
  class space    used 4150K, capacity 4401K, committed 4424K, reserved 1048576K
}
2019-08-01T15:34:32.193+0300: 15540.359: Total time for which application threads were stopped: 0.0329978 seconds, Stopping threads took: 0.0000585 seconds
2019-08-01T15:34:32.200+0300: 15540.367: Total time for which application threads were stopped: 0.0022722 seconds, Stopping threads took: 0.0022173 seconds
2019-08-01T15:34:32.200+0300: 15540.367: Total time for which application threads were stopped: 0.0000528 seconds, Stopping threads took: 0.0000184 seconds
2019-08-01T15:34:32.200+0300: 15540.367: Total time for which application threads were stopped: 0.0000399 seconds, Stopping threads took: 0.0000217 seconds
2019-08-01T15:34:32.200+0300: 15540.367: Total time for which application threads were stopped: 0.0000333 seconds, Stopping threads took: 0.0000106 seconds
2019-08-01T15:34:32.200+0300: 15540.367: Total time for which application threads were stopped: 0.0000328 seconds, Stopping threads took: 0.0000106 seconds
2019-08-01T15:34:32.200+0300: 15540.367: Total time for which application threads were stopped: 0.0000317 seconds, Stopping threads took: 0.0000103 seconds
2019-08-01T15:34:32.201+0300: 15540.367: Total time for which application threads were stopped: 0.0000684 seconds, Stopping threads took: 0.0000466 seconds
2019-08-01T15:34:32.201+0300: 15540.367: Total time for which application threads were stopped: 0.0000369 seconds, Stopping threads took: 0.0000114 seconds
2019-08-01T15:34:32.201+0300: 15540.367: Total time for which application threads were stopped: 0.0000337 seconds, Stopping threads took: 0.0000116 seconds
2019-08-01T15:34:32.201+0300: 15540.367: Total time for which application threads were stopped: 0.0000274 seconds, Stopping threads took: 0.0000123 seconds
2019-08-01T15:34:32.201+0300: 15540.367: Total time for which application threads were stopped: 0.0000360 seconds, Stopping threads took: 0.0000192 seconds
2019-08-01T15:34:32.201+0300: 15540.368: Total time for which application threads were stopped: 0.0000310 seconds, Stopping threads took: 0.0000103 seconds
2019-08-01T15:34:32.201+0300: 15540.368: Total time for which application threads were stopped: 0.0000309 seconds, Stopping threads took: 0.0000100 seconds
2019-08-01T15:34:32.201+0300: 15540.368: Total time for which application threads were stopped: 0.0000305 seconds, Stopping threads took: 0.0000098 seconds
2019-08-01T15:34:32.201+0300: 15540.368: Total time for which application threads were stopped: 0.0000319 seconds, Stopping threads took: 0.0000101 seconds
2019-08-01T15:34:32.201+0300: 15540.368: Total time for which application threads were stopped: 0.0000323 seconds, Stopping threads took: 0.0000104 seconds
2019-08-01T15:34:32.201+0300: 15540.368: Total time for which application threads were stopped: 0.0000569 seconds, Stopping threads took: 0.0000387 seconds
2019-08-01T15:34:32.201+0300: 15540.368: Total time for which application threads were stopped: 0.0000454 seconds, Stopping threads took: 0.0000253 seconds
2019-08-01T15:34:32.201+0300: 15540.368: Total time for which application threads were stopped: 0.0000243 seconds, Stopping threads took: 0.0000112 seconds
2019-08-01T15:34:32.201+0300: 15540.368: Total time for which application threads were stopped: 0.0000258 seconds, Stopping threads took: 0.0000111 seconds
2019-08-01T15:34:32.201+0300: 15540.368: Total time for which application threads were stopped: 0.0000972 seconds, Stopping threads took: 0.0000104 seconds
2019-08-01T15:34:33.202+0300: 15541.369: Total time for which application threads were stopped: 0.0003043 seconds, Stopping threads took: 0.0000655 seconds
2019-08-01T15:35:50.843+0300: 15619.010: Total time for which application threads were stopped: 0.0001692 seconds, Stopping threads took: 0.0000668 seconds
2019-08-01T15:35:50.843+0300: 15619.010: Total time for which application threads were stopped: 0.0001296 seconds, Stopping threads took: 0.0000654 seconds
2019-08-01T15:35:50.919+0300: 15619.086: Total time for which application threads were stopped: 0.0000575 seconds, Stopping threads took: 0.0000160 seconds
2019-08-01T15:35:50.973+0300: 15619.140: Total time for which application threads were stopped: 0.0096646 seconds, Stopping threads took: 0.0000545 seconds
2019-08-01T15:35:51.196+0300: 15619.362: Total time for which application threads were stopped: 0.0002654 seconds, Stopping threads took: 0.0000578 seconds
2019-08-01T15:35:51.197+0300: 15619.363: Total time for which application threads were stopped: 0.0001618 seconds, Stopping threads took: 0.0000423 seconds
2019-08-01T15:35:51.229+0300: 15619.395: Total time for which application threads were stopped: 0.0002055 seconds, Stopping threads took: 0.0000558 seconds
2019-08-01T15:35:51.229+0300: 15619.396: Total time for which application threads were stopped: 0.0001688 seconds, Stopping threads took: 0.0000449 seconds
2019-08-01T15:35:51.247+0300: 15619.414: Total time for which application threads were stopped: 0.0001972 seconds, Stopping threads took: 0.0000525 seconds
2019-08-01T15:35:51.248+0300: 15619.415: Total time for which application threads were stopped: 0.0001656 seconds, Stopping threads took: 0.0000423 seconds
2019-08-01T15:35:51.249+0300: 15619.415: Total time for which application threads were stopped: 0.0001609 seconds, Stopping threads took: 0.0000421 seconds
2019-08-01T15:35:51.253+0300: 15619.420: Total time for which application threads were stopped: 0.0001954 seconds, Stopping threads took: 0.0000488 seconds
2019-08-01T15:35:51.253+0300: 15619.420: Total time for which application threads were stopped: 0.0001636 seconds, Stopping threads took: 0.0000425 seconds
2019-08-01T15:35:51.254+0300: 15619.421: Total time for which application threads were stopped: 0.0002073 seconds, Stopping threads took: 0.0000436 seconds
2019-08-01T15:35:51.254+0300: 15619.421: Total time for which application threads were stopped: 0.0001608 seconds, Stopping threads took: 0.0000419 seconds
2019-08-01T15:35:51.280+0300: 15619.447: Total time for which application threads were stopped: 0.0002013 seconds, Stopping threads took: 0.0000540 seconds
2019-08-01T15:35:51.292+0300: 15619.459: Total time for which application threads were stopped: 0.0002046 seconds, Stopping threads took: 0.0000581 seconds
2019-08-01T15:35:51.292+0300: 15619.459: Total time for which application threads were stopped: 0.0001722 seconds, Stopping threads took: 0.0000457 seconds
2019-08-01T15:35:51.293+0300: 15619.459: Total time for which application threads were stopped: 0.0001905 seconds, Stopping threads took: 0.0000525 seconds
2019-08-01T15:35:51.293+0300: 15619.460: Total time for which application threads were stopped: 0.0001647 seconds, Stopping threads took: 0.0000432 seconds
2019-08-01T15:35:51.294+0300: 15619.460: Total time for which application threads were stopped: 0.0001638 seconds, Stopping threads took: 0.0000343 seconds
2019-08-01T15:35:51.298+0300: 15619.465: Total time for which application threads were stopped: 0.0002790 seconds, Stopping threads took: 0.0001155 seconds
2019-08-01T15:35:51.314+0300: 15619.481: Total time for which application threads were stopped: 0.0001622 seconds, Stopping threads took: 0.0000609 seconds
2019-08-01T15:35:51.335+0300: 15619.502: Total time for which application threads were stopped: 0.0001979 seconds, Stopping threads took: 0.0000954 seconds
2019-08-01T15:35:51.346+0300: 15619.513: Total time for which application threads were stopped: 0.0001315 seconds, Stopping threads took: 0.0000277 seconds
2019-08-01T15:35:51.457+0300: 15619.623: Total time for which application threads were stopped: 0.0002776 seconds, Stopping threads took: 0.0000850 seconds
2019-08-01T15:35:51.491+0300: 15619.658: Total time for which application threads were stopped: 0.0001290 seconds, Stopping threads took: 0.0000345 seconds
2019-08-01T15:35:51.492+0300: 15619.658: Total time for which application threads were stopped: 0.0001007 seconds, Stopping threads took: 0.0000253 seconds
2019-08-01T15:35:51.703+0300: 15619.870: Total time for which application threads were stopped: 0.0002088 seconds, Stopping threads took: 0.0000555 seconds
2019-08-01T15:35:51.704+0300: 15619.871: Total time for which application threads were stopped: 0.0001771 seconds, Stopping threads took: 0.0000478 seconds
2019-08-01T15:35:51.728+0300: 15619.895: Total time for which application threads were stopped: 0.0002047 seconds, Stopping threads took: 0.0000565 seconds
2019-08-01T15:35:51.739+0300: 15619.906: Total time for which application threads were stopped: 0.0002575 seconds, Stopping threads took: 0.0000829 seconds
2019-08-01T15:35:51.764+0300: 15619.930: Total time for which application threads were stopped: 0.0002196 seconds, Stopping threads took: 0.0000560 seconds
2019-08-01T15:35:51.765+0300: 15619.932: Total time for which application threads were stopped: 0.0001739 seconds, Stopping threads took: 0.0000459 seconds
2019-08-01T15:35:51.766+0300: 15619.933: Total time for which application threads were stopped: 0.0001719 seconds, Stopping threads took: 0.0000462 seconds
2019-08-01T15:35:51.766+0300: 15619.933: Total time for which application threads were stopped: 0.0001657 seconds, Stopping threads took: 0.0000424 seconds
2019-08-01T15:35:51.767+0300: 15619.934: Total time for which application threads were stopped: 0.0001671 seconds, Stopping threads took: 0.0000432 seconds
2019-08-01T15:35:51.768+0300: 15619.935: Total time for which application threads were stopped: 0.0004718 seconds, Stopping threads took: 0.0003323 seconds
2019-08-01T15:35:51.769+0300: 15619.935: Total time for which application threads were stopped: 0.0001638 seconds, Stopping threads took: 0.0000570 seconds
2019-08-01T15:35:51.769+0300: 15619.936: Total time for which application threads were stopped: 0.0001697 seconds, Stopping threads took: 0.0000582 seconds
2019-08-01T15:35:51.770+0300: 15619.937: Total time for which application threads were stopped: 0.0004482 seconds, Stopping threads took: 0.0003079 seconds
2019-08-01T15:35:51.771+0300: 15619.938: Total time for which application threads were stopped: 0.0004513 seconds, Stopping threads took: 0.0003114 seconds
2019-08-01T15:35:51.772+0300: 15619.938: Total time for which application threads were stopped: 0.0004538 seconds, Stopping threads took: 0.0003147 seconds
2019-08-01T15:35:51.773+0300: 15619.939: Total time for which application threads were stopped: 0.0001500 seconds, Stopping threads took: 0.0000417 seconds
2019-08-01T15:35:51.773+0300: 15619.940: Total time for which application threads were stopped: 0.0001342 seconds, Stopping threads took: 0.0000361 seconds
2019-08-01T15:35:51.773+0300: 15619.940: Total time for which application threads were stopped: 0.0001245 seconds, Stopping threads took: 0.0000329 seconds
2019-08-01T15:35:51.774+0300: 15619.941: Total time for which application threads were stopped: 0.0002397 seconds, Stopping threads took: 0.0000355 seconds
2019-08-01T15:35:51.855+0300: 15620.022: Total time for which application threads were stopped: 0.0008395 seconds, Stopping threads took: 0.0000332 seconds
2019-08-01T15:35:51.865+0300: 15620.032: Total time for which application threads were stopped: 0.0001796 seconds, Stopping threads took: 0.0000551 seconds
2019-08-01T15:35:51.866+0300: 15620.033: Total time for which application threads were stopped: 0.0000905 seconds, Stopping threads took: 0.0000296 seconds
2019-08-01T15:35:51.869+0300: 15620.036: Total time for which application threads were stopped: 0.0000950 seconds, Stopping threads took: 0.0000263 seconds
2019-08-01T15:35:51.870+0300: 15620.036: Total time for which application threads were stopped: 0.0000845 seconds, Stopping threads took: 0.0000163 seconds
2019-08-01T15:35:51.870+0300: 15620.036: Total time for which application threads were stopped: 0.0000496 seconds, Stopping threads took: 0.0000136 seconds
2019-08-01T15:35:51.870+0300: 15620.037: Total time for which application threads were stopped: 0.0000559 seconds, Stopping threads took: 0.0000163 seconds
2019-08-01T15:35:51.870+0300: 15620.037: Total time for which application threads were stopped: 0.0000625 seconds, Stopping threads took: 0.0000152 seconds
2019-08-01T15:35:51.870+0300: 15620.037: Total time for which application threads were stopped: 0.0000521 seconds, Stopping threads took: 0.0000154 seconds
2019-08-01T15:35:51.872+0300: 15620.039: Total time for which application threads were stopped: 0.0000970 seconds, Stopping threads took: 0.0000271 seconds
2019-08-01T15:35:55.872+0300: 15624.038: Total time for which application threads were stopped: 0.0001238 seconds, Stopping threads took: 0.0000270 seconds
2019-08-01T15:35:55.873+0300: 15624.039: Total time for which application threads were stopped: 0.0000755 seconds, Stopping threads took: 0.0000291 seconds
2019-08-01T15:35:55.929+0300: 15624.095: Total time for which application threads were stopped: 0.0001532 seconds, Stopping threads took: 0.0000374 seconds
2019-08-01T15:35:56.054+0300: 15624.221: Total time for which application threads were stopped: 0.0001864 seconds, Stopping threads took: 0.0000432 seconds
2019-08-01T15:35:56.076+0300: 15624.243: Total time for which application threads were stopped: 0.0006682 seconds, Stopping threads took: 0.0000240 seconds
2019-08-01T15:35:56.078+0300: 15624.244: Total time for which application threads were stopped: 0.0005908 seconds, Stopping threads took: 0.0000216 seconds
2019-08-01T15:35:56.080+0300: 15624.246: Total time for which application threads were stopped: 0.0004973 seconds, Stopping threads took: 0.0000212 seconds
2019-08-01T15:35:56.094+0300: 15624.261: Total time for which application threads were stopped: 0.0000931 seconds, Stopping threads took: 0.0000232 seconds
2019-08-01T15:35:56.110+0300: 15624.277: Total time for which application threads were stopped: 0.0000817 seconds, Stopping threads took: 0.0000256 seconds
2019-08-01T15:35:56.114+0300: 15624.280: Total time for which application threads were stopped: 0.0000769 seconds, Stopping threads took: 0.0000353 seconds
2019-08-01T15:35:56.117+0300: 15624.283: Total time for which application threads were stopped: 0.0000761 seconds, Stopping threads took: 0.0000265 seconds
2019-08-01T15:35:56.120+0300: 15624.287: Total time for which application threads were stopped: 0.0000636 seconds, Stopping threads took: 0.0000229 seconds
2019-08-01T15:35:56.123+0300: 15624.289: Total time for which application threads were stopped: 0.0000857 seconds, Stopping threads took: 0.0000323 seconds
2019-08-01T15:35:56.126+0300: 15624.293: Total time for which application threads were stopped: 0.0000753 seconds, Stopping threads took: 0.0000323 seconds
2019-08-01T15:35:56.130+0300: 15624.296: Total time for which application threads were stopped: 0.0000795 seconds, Stopping threads took: 0.0000274 seconds
2019-08-01T15:35:56.133+0300: 15624.299: Total time for which application threads were stopped: 0.0000915 seconds, Stopping threads took: 0.0000231 seconds
2019-08-01T15:35:56.135+0300: 15624.301: Total time for which application threads were stopped: 0.0000641 seconds, Stopping threads took: 0.0000237 seconds
2019-08-01T15:35:56.137+0300: 15624.304: Total time for which application threads were stopped: 0.0000720 seconds, Stopping threads took: 0.0000206 seconds
2019-08-01T15:35:56.141+0300: 15624.307: Total time for which application threads were stopped: 0.0001362 seconds, Stopping threads took: 0.0000947 seconds
2019-08-01T15:35:56.144+0300: 15624.311: Total time for which application threads were stopped: 0.0000758 seconds, Stopping threads took: 0.0000338 seconds
2019-08-01T15:35:56.148+0300: 15624.314: Total time for which application threads were stopped: 0.0000854 seconds, Stopping threads took: 0.0000222 seconds
2019-08-01T15:35:56.151+0300: 15624.318: Total time for which application threads were stopped: 0.0000952 seconds, Stopping threads took: 0.0000505 seconds
2019-08-01T15:35:56.154+0300: 15624.321: Total time for which application threads were stopped: 0.0001001 seconds, Stopping threads took: 0.0000491 seconds
2019-08-01T15:35:56.157+0300: 15624.323: Total time for which application threads were stopped: 0.0000921 seconds, Stopping threads took: 0.0000382 seconds
2019-08-01T15:35:56.159+0300: 15624.326: Total time for which application threads were stopped: 0.0001221 seconds, Stopping threads took: 0.0000735 seconds
2019-08-01T15:35:56.162+0300: 15624.329: Total time for which application threads were stopped: 0.0001799 seconds, Stopping threads took: 0.0000421 seconds
2019-08-01T15:35:56.208+0300: 15624.375: Total time for which application threads were stopped: 0.0002359 seconds, Stopping threads took: 0.0000459 seconds
2019-08-01T15:35:56.625+0300: 15624.792: Total time for which application threads were stopped: 0.0002287 seconds, Stopping threads took: 0.0000566 seconds
{Heap before GC invocations=6 (full 1):
 par new generation   total 109248K, used 109248K [0x00000000e0000000, 0x00000000e8000000, 0x00000000e8000000)
  eden space 87424K, 100% used [0x00000000e0000000, 0x00000000e5560000, 0x00000000e5560000)
  from space 21824K, 100% used [0x00000000e5560000, 0x00000000e6ab0000, 0x00000000e6ab0000)
  to   space 21824K,   0% used [0x00000000e6ab0000, 0x00000000e6ab0000, 0x00000000e8000000)
 concurrent mark-sweep generation total 393216K, used 9K [0x00000000e8000000, 0x0000000100000000, 0x0000000100000000)
 Metaspace       used 36978K, capacity 37798K, committed 38216K, reserved 1083392K
  class space    used 4362K, capacity 4599K, committed 4680K, reserved 1048576K
2019-08-01T15:35:56.965+0300: 15625.131: [GC (Allocation Failure) 2019-08-01T15:35:56.965+0300: 15625.131: [ParNew
Desired survivor size 20112992 bytes, new threshold 8 (max 8)
- age   1:    4458648 bytes,    4458648 total
- age   2:    3092624 bytes,    7551272 total
- age   3:    3688568 bytes,   11239840 total
- age   4:     375592 bytes,   11615432 total
- age   5:     205048 bytes,   11820480 total
- age   6:    1496928 bytes,   13317408 total
: 109248K->21824K(109248K), 0.0342997 secs] 109257K->27542K(502464K), 0.0343920 secs] [Times: user=0.11 sys=0.00, real=0.03 secs] 
Heap after GC invocations=7 (full 1):
 par new generation   total 109248K, used 21824K [0x00000000e0000000, 0x00000000e8000000, 0x00000000e8000000)
  eden space 87424K,   0% used [0x00000000e0000000, 0x00000000e0000000, 0x00000000e5560000)
  from space 21824K, 100% used [0x00000000e6ab0000, 0x00000000e8000000, 0x00000000e8000000)
  to   space 21824K,   0% used [0x00000000e5560000, 0x00000000e5560000, 0x00000000e6ab0000)
 concurrent mark-sweep generation total 393216K, used 5718K [0x00000000e8000000, 0x0000000100000000, 0x0000000100000000)
 Metaspace       used 36978K, capacity 37798K, committed 38216K, reserved 1083392K
  class space    used 4362K, capacity 4599K, committed 4680K, reserved 1048576K
}
2019-08-01T15:35:56.999+0300: 15625.166: Total time for which application threads were stopped: 0.0346723 seconds, Stopping threads took: 0.0000311 seconds
2019-08-01T15:35:57.049+0300: 15625.215: Total time for which application threads were stopped: 0.0001560 seconds, Stopping threads took: 0.0000962 seconds
2019-08-01T15:35:57.049+0300: 15625.215: Total time for which application threads were stopped: 0.0000435 seconds, Stopping threads took: 0.0000159 seconds
2019-08-01T15:35:57.803+0300: 15625.970: Total time for which application threads were stopped: 0.0004405 seconds, Stopping threads took: 0.0000537 seconds
2019-08-01T15:35:57.816+0300: 15625.982: Total time for which application threads were stopped: 0.0002620 seconds, Stopping threads took: 0.0001100 seconds
2019-08-01T15:35:57.836+0300: 15626.003: Total time for which application threads were stopped: 0.0002035 seconds, Stopping threads took: 0.0000572 seconds
2019-08-01T15:35:57.836+0300: 15626.003: Total time for which application threads were stopped: 0.0001443 seconds, Stopping threads took: 0.0000404 seconds
2019-08-01T15:35:57.837+0300: 15626.003: Total time for which application threads were stopped: 0.0001348 seconds, Stopping threads took: 0.0000386 seconds
2019-08-01T15:35:57.837+0300: 15626.004: Total time for which application threads were stopped: 0.0001302 seconds, Stopping threads took: 0.0000382 seconds
2019-08-01T15:35:57.843+0300: 15626.009: Total time for which application threads were stopped: 0.0001899 seconds, Stopping threads took: 0.0000506 seconds
2019-08-01T15:35:57.843+0300: 15626.010: Total time for which application threads were stopped: 0.0001465 seconds, Stopping threads took: 0.0000370 seconds
2019-08-01T15:35:57.843+0300: 15626.010: Total time for which application threads were stopped: 0.0001384 seconds, Stopping threads took: 0.0000364 seconds
2019-08-01T15:35:57.845+0300: 15626.012: Total time for which application threads were stopped: 0.0002481 seconds, Stopping threads took: 0.0000568 seconds
2019-08-01T15:36:01.094+0300: 15629.260: Total time for which application threads were stopped: 0.0000935 seconds, Stopping threads took: 0.0000274 seconds
2019-08-01T15:36:01.094+0300: 15629.261: Total time for which application threads were stopped: 0.0001095 seconds, Stopping threads took: 0.0000537 seconds
2019-08-01T15:36:01.094+0300: 15629.261: Total time for which application threads were stopped: 0.0000593 seconds, Stopping threads took: 0.0000248 seconds
2019-08-01T15:36:01.096+0300: 15629.262: Total time for which application threads were stopped: 0.0002221 seconds, Stopping threads took: 0.0001252 seconds
{Heap before GC invocations=7 (full 1):
 par new generation   total 109248K, used 109248K [0x00000000e0000000, 0x00000000e8000000, 0x00000000e8000000)
  eden space 87424K, 100% used [0x00000000e0000000, 0x00000000e5560000, 0x00000000e5560000)
  from space 21824K, 100% used [0x00000000e6ab0000, 0x00000000e8000000, 0x00000000e8000000)
  to   space 21824K,   0% used [0x00000000e5560000, 0x00000000e5560000, 0x00000000e6ab0000)
 concurrent mark-sweep generation total 393216K, used 5718K [0x00000000e8000000, 0x0000000100000000, 0x0000000100000000)
 Metaspace       used 37361K, capacity 38150K, committed 38472K, reserved 1083392K
  class space    used 4390K, capacity 4631K, committed 4680K, reserved 1048576K
2019-08-01T15:36:01.442+0300: 15629.609: [GC (Allocation Failure) 2019-08-01T15:36:01.443+0300: 15629.609: [ParNew
Desired survivor size 20112992 bytes, new threshold 8 (max 8)
- age   1:    2684480 bytes,    2684480 total
- age   2:     373248 bytes,    3057728 total
- age   3:    3078480 bytes,    6136208 total
- age   4:    3670816 bytes,    9807024 total
- age   5:     375464 bytes,   10182488 total
- age   6:     205048 bytes,   10387536 total
- age   7:    1496640 bytes,   11884176 total
: 109248K->14158K(109248K), 0.0154564 secs] 114966K->19877K(502464K), 0.0155428 secs] [Times: user=0.06 sys=0.00, real=0.01 secs] 
Heap after GC invocations=8 (full 1):
 par new generation   total 109248K, used 14158K [0x00000000e0000000, 0x00000000e8000000, 0x00000000e8000000)
  eden space 87424K,   0% used [0x00000000e0000000, 0x00000000e0000000, 0x00000000e5560000)
  from space 21824K,  64% used [0x00000000e5560000, 0x00000000e6333ba0, 0x00000000e6ab0000)
  to   space 21824K,   0% used [0x00000000e6ab0000, 0x00000000e6ab0000, 0x00000000e8000000)
 concurrent mark-sweep generation total 393216K, used 5718K [0x00000000e8000000, 0x0000000100000000, 0x0000000100000000)
 Metaspace       used 37361K, capacity 38150K, committed 38472K, reserved 1083392K
  class space    used 4390K, capacity 4631K, committed 4680K, reserved 1048576K
}
2019-08-01T15:36:01.458+0300: 15629.625: Total time for which application threads were stopped: 0.0157837 seconds, Stopping threads took: 0.0000325 seconds
2019-08-01T15:36:01.630+0300: 15629.797: Total time for which application threads were stopped: 0.0001613 seconds, Stopping threads took: 0.0000800 seconds
2019-08-01T15:36:01.693+0300: 15629.859: Total time for which application threads were stopped: 0.0001842 seconds, Stopping threads took: 0.0000608 seconds
2019-08-01T15:36:01.698+0300: 15629.865: Total time for which application threads were stopped: 0.0001584 seconds, Stopping threads took: 0.0000717 seconds
2019-08-01T15:36:02.278+0300: 15630.445: Total time for which application threads were stopped: 0.0002126 seconds, Stopping threads took: 0.0000386 seconds
2019-08-01T15:36:02.282+0300: 15630.448: Total time for which application threads were stopped: 0.0002827 seconds, Stopping threads took: 0.0001070 seconds
2019-08-01T15:36:02.282+0300: 15630.449: Total time for which application threads were stopped: 0.0002007 seconds, Stopping threads took: 0.0000695 seconds
2019-08-01T15:36:02.282+0300: 15630.449: Total time for which application threads were stopped: 0.0002043 seconds, Stopping threads took: 0.0000783 seconds
2019-08-01T15:36:03.283+0300: 15631.449: Total time for which application threads were stopped: 0.0000773 seconds, Stopping threads took: 0.0000211 seconds
{Heap before GC invocations=8 (full 1):
 par new generation   total 109248K, used 101582K [0x00000000e0000000, 0x00000000e8000000, 0x00000000e8000000)
  eden space 87424K, 100% used [0x00000000e0000000, 0x00000000e5560000, 0x00000000e5560000)
  from space 21824K,  64% used [0x00000000e5560000, 0x00000000e6333ba0, 0x00000000e6ab0000)
  to   space 21824K,   0% used [0x00000000e6ab0000, 0x00000000e6ab0000, 0x00000000e8000000)
 concurrent mark-sweep generation total 393216K, used 5718K [0x00000000e8000000, 0x0000000100000000, 0x0000000100000000)
 Metaspace       used 37444K, capacity 38214K, committed 38472K, reserved 1083392K
  class space    used 4390K, capacity 4631K, committed 4680K, reserved 1048576K
2019-08-01T15:36:05.834+0300: 15634.001: [GC (Allocation Failure) 2019-08-01T15:36:05.834+0300: 15634.001: [ParNew
Desired survivor size 20112992 bytes, new threshold 8 (max 8)
- age   1:    2532744 bytes,    2532744 total
- age   2:     217928 bytes,    2750672 total
- age   3:     370528 bytes,    3121200 total
- age   4:    3077992 bytes,    6199192 total
- age   5:    3651232 bytes,    9850424 total
- age   6:     375464 bytes,   10225888 total
- age   7:     205048 bytes,   10430936 total
- age   8:    1496640 bytes,   11927576 total
: 101582K->15672K(109248K), 0.0193341 secs] 107301K->21390K(502464K), 0.0194308 secs] [Times: user=0.07 sys=0.00, real=0.02 secs] 
Heap after GC invocations=9 (full 1):
 par new generation   total 109248K, used 15672K [0x00000000e0000000, 0x00000000e8000000, 0x00000000e8000000)
  eden space 87424K,   0% used [0x00000000e0000000, 0x00000000e0000000, 0x00000000e5560000)
  from space 21824K,  71% used [0x00000000e6ab0000, 0x00000000e79fe020, 0x00000000e8000000)
  to   space 21824K,   0% used [0x00000000e5560000, 0x00000000e5560000, 0x00000000e6ab0000)
 concurrent mark-sweep generation total 393216K, used 5718K [0x00000000e8000000, 0x0000000100000000, 0x0000000100000000)
 Metaspace       used 37444K, capacity 38214K, committed 38472K, reserved 1083392K
  class space    used 4390K, capacity 4631K, committed 4680K, reserved 1048576K
}
2019-08-01T15:36:05.854+0300: 15634.020: Total time for which application threads were stopped: 0.0196277 seconds, Stopping threads took: 0.0000291 seconds
2019-08-01T15:36:06.018+0300: 15634.185: Total time for which application threads were stopped: 0.0001336 seconds, Stopping threads took: 0.0000391 seconds
2019-08-01T15:36:06.020+0300: 15634.187: Total time for which application threads were stopped: 0.0000790 seconds, Stopping threads took: 0.0000255 seconds
2019-08-01T15:36:06.567+0300: 15634.734: Total time for which application threads were stopped: 0.0001192 seconds, Stopping threads took: 0.0000201 seconds
2019-08-01T15:36:06.567+0300: 15634.734: Total time for which application threads were stopped: 0.0000419 seconds, Stopping threads took: 0.0000096 seconds
2019-08-01T15:36:06.569+0300: 15634.735: Total time for which application threads were stopped: 0.0000622 seconds, Stopping threads took: 0.0000199 seconds
2019-08-01T15:36:06.569+0300: 15634.736: Total time for which application threads were stopped: 0.0002045 seconds, Stopping threads took: 0.0001479 seconds
2019-08-01T15:36:06.569+0300: 15634.736: Total time for which application threads were stopped: 0.0001406 seconds, Stopping threads took: 0.0001064 seconds
2019-08-01T15:36:07.570+0300: 15635.736: Total time for which application threads were stopped: 0.0001090 seconds, Stopping threads took: 0.0000212 seconds
{Heap before GC invocations=9 (full 1):
 par new generation   total 109248K, used 103096K [0x00000000e0000000, 0x00000000e8000000, 0x00000000e8000000)
  eden space 87424K, 100% used [0x00000000e0000000, 0x00000000e5560000, 0x00000000e5560000)
  from space 21824K,  71% used [0x00000000e6ab0000, 0x00000000e79fe020, 0x00000000e8000000)
  to   space 21824K,   0% used [0x00000000e5560000, 0x00000000e5560000, 0x00000000e6ab0000)
 concurrent mark-sweep generation total 393216K, used 5718K [0x00000000e8000000, 0x0000000100000000, 0x0000000100000000)
 Metaspace       used 37477K, capacity 38278K, committed 38472K, reserved 1083392K
  class space    used 4390K, capacity 4631K, committed 4680K, reserved 1048576K
2019-08-01T15:36:09.932+0300: 15638.098: [GC (Allocation Failure) 2019-08-01T15:36:09.932+0300: 15638.098: [ParNew
Desired survivor size 20112992 bytes, new threshold 8 (max 8)
- age   1:    2430704 bytes,    2430704 total
- age   2:     522344 bytes,    2953048 total
- age   3:     216872 bytes,    3169920 total
- age   4:     300192 bytes,    3470112 total
- age   5:    3077184 bytes,    6547296 total
- age   6:    3632408 bytes,   10179704 total
- age   7:     375488 bytes,   10555192 total
- age   8:     205048 bytes,   10760240 total
: 103096K->14034K(109248K), 0.0152730 secs] 108814K->21233K(502464K), 0.0153653 secs] [Times: user=0.06 sys=0.00, real=0.01 secs] 
Heap after GC invocations=10 (full 1):
 par new generation   total 109248K, used 14034K [0x00000000e0000000, 0x00000000e8000000, 0x00000000e8000000)
  eden space 87424K,   0% used [0x00000000e0000000, 0x00000000e0000000, 0x00000000e5560000)
  from space 21824K,  64% used [0x00000000e5560000, 0x00000000e6314aa0, 0x00000000e6ab0000)
  to   space 21824K,   0% used [0x00000000e6ab0000, 0x00000000e6ab0000, 0x00000000e8000000)
 concurrent mark-sweep generation total 393216K, used 7198K [0x00000000e8000000, 0x0000000100000000, 0x0000000100000000)
 Metaspace       used 37477K, capacity 38278K, committed 38472K, reserved 1083392K
  class space    used 4390K, capacity 4631K, committed 4680K, reserved 1048576K
}
2019-08-01T15:36:09.947+0300: 15638.114: Total time for which application threads were stopped: 0.0155708 seconds, Stopping threads took: 0.0000275 seconds
2019-08-01T15:36:10.238+0300: 15638.405: Total time for which application threads were stopped: 0.0001505 seconds, Stopping threads took: 0.0000281 seconds
2019-08-01T15:36:10.240+0300: 15638.407: Total time for which application threads were stopped: 0.0001017 seconds, Stopping threads took: 0.0000291 seconds
2019-08-01T15:36:10.858+0300: 15639.025: Total time for which application threads were stopped: 0.0001965 seconds, Stopping threads took: 0.0000809 seconds
2019-08-01T15:36:10.866+0300: 15639.033: Total time for which application threads were stopped: 0.0002782 seconds, Stopping threads took: 0.0000860 seconds
2019-08-01T15:36:10.866+0300: 15639.033: Total time for which application threads were stopped: 0.0001878 seconds, Stopping threads took: 0.0000689 seconds
2019-08-01T15:36:10.866+0300: 15639.033: Total time for which application threads were stopped: 0.0001714 seconds, Stopping threads took: 0.0000667 seconds
2019-08-01T15:36:12.195+0300: 15640.362: Total time for which application threads were stopped: 0.0000713 seconds, Stopping threads took: 0.0000167 seconds
2019-08-01T15:36:13.195+0300: 15641.362: Total time for which application threads were stopped: 0.0000826 seconds, Stopping threads took: 0.0000231 seconds
{Heap before GC invocations=10 (full 1):
 par new generation   total 109248K, used 101458K [0x00000000e0000000, 0x00000000e8000000, 0x00000000e8000000)
  eden space 87424K, 100% used [0x00000000e0000000, 0x00000000e5560000, 0x00000000e5560000)
  from space 21824K,  64% used [0x00000000e5560000, 0x00000000e6314aa0, 0x00000000e6ab0000)
  to   space 21824K,   0% used [0x00000000e6ab0000, 0x00000000e6ab0000, 0x00000000e8000000)
 concurrent mark-sweep generation total 393216K, used 7198K [0x00000000e8000000, 0x0000000100000000, 0x0000000100000000)
 Metaspace       used 37522K, capacity 38348K, committed 38728K, reserved 1083392K
  class space    used 4391K, capacity 4632K, committed 4680K, reserved 1048576K
2019-08-01T15:36:14.147+0300: 15642.314: [GC (Allocation Failure) 2019-08-01T15:36:14.147+0300: 15642.314: [ParNew
Desired survivor size 20112992 bytes, new threshold 8 (max 8)
- age   1:    2066752 bytes,    2066752 total
- age   2:     537144 bytes,    2603896 total
- age   3:     521208 bytes,    3125104 total
- age   4:     147128 bytes,    3272232 total
- age   5:     299904 bytes,    3572136 total
- age   6:    3062232 bytes,    6634368 total
- age   7:    3614000 bytes,   10248368 total
- age   8:     375464 bytes,   10623832 total
: 101458K->11389K(109248K), 0.0168071 secs] 108657K->18794K(502464K), 0.0168876 secs] [Times: user=0.07 sys=0.00, real=0.02 secs] 
Heap after GC invocations=11 (full 1):
 par new generation   total 109248K, used 11389K [0x00000000e0000000, 0x00000000e8000000, 0x00000000e8000000)
  eden space 87424K,   0% used [0x00000000e0000000, 0x00000000e0000000, 0x00000000e5560000)
  from space 21824K,  52% used [0x00000000e6ab0000, 0x00000000e75cf6a0, 0x00000000e8000000)
  to   space 21824K,   0% used [0x00000000e5560000, 0x00000000e5560000, 0x00000000e6ab0000)
 concurrent mark-sweep generation total 393216K, used 7404K [0x00000000e8000000, 0x0000000100000000, 0x0000000100000000)
 Metaspace       used 37522K, capacity 38348K, committed 38728K, reserved 1083392K
  class space    used 4391K, capacity 4632K, committed 4680K, reserved 1048576K
}
2019-08-01T15:36:14.164+0300: 15642.331: Total time for which application threads were stopped: 0.0170303 seconds, Stopping threads took: 0.0000273 seconds
2019-08-01T15:36:14.387+0300: 15642.554: Total time for which application threads were stopped: 0.0001558 seconds, Stopping threads took: 0.0000538 seconds
2019-08-01T15:36:14.388+0300: 15642.555: Total time for which application threads were stopped: 0.0001115 seconds, Stopping threads took: 0.0000571 seconds
2019-08-01T15:36:14.925+0300: 15643.091: Total time for which application threads were stopped: 0.0000781 seconds, Stopping threads took: 0.0000251 seconds
2019-08-01T15:36:14.925+0300: 15643.092: Total time for which application threads were stopped: 0.0000400 seconds, Stopping threads took: 0.0000120 seconds
2019-08-01T15:36:14.927+0300: 15643.094: Total time for which application threads were stopped: 0.0001384 seconds, Stopping threads took: 0.0000884 seconds
2019-08-01T15:36:14.927+0300: 15643.094: Total time for which application threads were stopped: 0.0000609 seconds, Stopping threads took: 0.0000303 seconds
2019-08-01T15:36:14.928+0300: 15643.094: Total time for which application threads were stopped: 0.0000538 seconds, Stopping threads took: 0.0000273 seconds
{Heap before GC invocations=11 (full 1):
 par new generation   total 109248K, used 98813K [0x00000000e0000000, 0x00000000e8000000, 0x00000000e8000000)
  eden space 87424K, 100% used [0x00000000e0000000, 0x00000000e5560000, 0x00000000e5560000)
  from space 21824K,  52% used [0x00000000e6ab0000, 0x00000000e75cf6a0, 0x00000000e8000000)
  to   space 21824K,   0% used [0x00000000e5560000, 0x00000000e5560000, 0x00000000e6ab0000)
 concurrent mark-sweep generation total 393216K, used 7404K [0x00000000e8000000, 0x0000000100000000, 0x0000000100000000)
 Metaspace       used 37548K, capacity 38348K, committed 38728K, reserved 1083392K
  class space    used 4391K, capacity 4632K, committed 4680K, reserved 1048576K
2019-08-01T15:36:16.098+0300: 15644.265: [GC (Allocation Failure) 2019-08-01T15:36:16.098+0300: 15644.265: [ParNew
Desired survivor size 20112992 bytes, new threshold 8 (max 8)
- age   1:     394760 bytes,     394760 total
- age   2:     505568 bytes,     900328 total
- age   3:     535960 bytes,    1436288 total
- age   4:     451464 bytes,    1887752 total
- age   5:     147056 bytes,    2034808 total
- age   6:     299904 bytes,    2334712 total
- age   7:    3062232 bytes,    5396944 total
- age   8:    3593512 bytes,    8990456 total
: 98813K->11022K(109248K), 0.0133702 secs] 106218K->18799K(502464K), 0.0134829 secs] [Times: user=0.04 sys=0.00, real=0.02 secs] 
Heap after GC invocations=12 (full 1):
 par new generation   total 109248K, used 11022K [0x00000000e0000000, 0x00000000e8000000, 0x00000000e8000000)
  eden space 87424K,   0% used [0x00000000e0000000, 0x00000000e0000000, 0x00000000e5560000)
  from space 21824K,  50% used [0x00000000e5560000, 0x00000000e6023820, 0x00000000e6ab0000)
  to   space 21824K,   0% used [0x00000000e6ab0000, 0x00000000e6ab0000, 0x00000000e8000000)
 concurrent mark-sweep generation total 393216K, used 7777K [0x00000000e8000000, 0x0000000100000000, 0x0000000100000000)
 Metaspace       used 37548K, capacity 38348K, committed 38728K, reserved 1083392K
  class space    used 4391K, capacity 4632K, committed 4680K, reserved 1048576K
}
2019-08-01T15:36:16.112+0300: 15644.278: Total time for which application threads were stopped: 0.0136652 seconds, Stopping threads took: 0.0000228 seconds
2019-08-01T15:36:17.033+0300: 15645.200: Total time for which application threads were stopped: 0.0001367 seconds, Stopping threads took: 0.0000257 seconds
2019-08-01T15:36:17.035+0300: 15645.201: Total time for which application threads were stopped: 0.0000888 seconds, Stopping threads took: 0.0000292 seconds
2019-08-01T15:36:17.585+0300: 15645.752: Total time for which application threads were stopped: 0.0000958 seconds, Stopping threads took: 0.0000226 seconds
2019-08-01T15:36:17.586+0300: 15645.752: Total time for which application threads were stopped: 0.0000388 seconds, Stopping threads took: 0.0000115 seconds
2019-08-01T15:36:17.588+0300: 15645.755: Total time for which application threads were stopped: 0.0001093 seconds, Stopping threads took: 0.0000420 seconds
2019-08-01T15:36:17.588+0300: 15645.755: Total time for which application threads were stopped: 0.0000872 seconds, Stopping threads took: 0.0000287 seconds
2019-08-01T15:36:17.589+0300: 15645.756: Total time for which application threads were stopped: 0.0000589 seconds, Stopping threads took: 0.0000173 seconds
2019-08-01T15:36:18.869+0300: 15647.036: Total time for which application threads were stopped: 0.0001760 seconds, Stopping threads took: 0.0000942 seconds
2019-08-01T15:36:18.871+0300: 15647.038: Total time for which application threads were stopped: 0.0000953 seconds, Stopping threads took: 0.0000446 seconds
{Heap before GC invocations=12 (full 1):
 par new generation   total 109248K, used 98446K [0x00000000e0000000, 0x00000000e8000000, 0x00000000e8000000)
  eden space 87424K, 100% used [0x00000000e0000000, 0x00000000e5560000, 0x00000000e5560000)
  from space 21824K,  50% used [0x00000000e5560000, 0x00000000e6023820, 0x00000000e6ab0000)
  to   space 21824K,   0% used [0x00000000e6ab0000, 0x00000000e6ab0000, 0x00000000e8000000)
 concurrent mark-sweep generation total 393216K, used 7777K [0x00000000e8000000, 0x0000000100000000, 0x0000000100000000)
 Metaspace       used 37582K, capacity 38428K, committed 38728K, reserved 1083392K
  class space    used 4393K, capacity 4634K, committed 4680K, reserved 1048576K
2019-08-01T15:36:18.915+0300: 15647.081: [GC (Allocation Failure) 2019-08-01T15:36:18.915+0300: 15647.081: [ParNew
Desired survivor size 20112992 bytes, new threshold 8 (max 8)
- age   1:     697240 bytes,     697240 total
- age   2:     339472 bytes,    1036712 total
- age   3:     434136 bytes,    1470848 total
- age   4:     465992 bytes,    1936840 total
- age   5:     451464 bytes,    2388304 total
- age   6:     147056 bytes,    2535360 total
- age   7:     299584 bytes,    2834944 total
- age   8:    3061536 bytes,    5896480 total
: 98446K->7483K(109248K), 0.0376529 secs] 106223K->19087K(502464K), 0.0377302 secs] [Times: user=0.12 sys=0.00, real=0.04 secs] 
Heap after GC invocations=13 (full 1):
 par new generation   total 109248K, used 7483K [0x00000000e0000000, 0x00000000e8000000, 0x00000000e8000000)
  eden space 87424K,   0% used [0x00000000e0000000, 0x00000000e0000000, 0x00000000e5560000)
  from space 21824K,  34% used [0x00000000e6ab0000, 0x00000000e71fec08, 0x00000000e8000000)
  to   space 21824K,   0% used [0x00000000e5560000, 0x00000000e5560000, 0x00000000e6ab0000)
 concurrent mark-sweep generation total 393216K, used 11604K [0x00000000e8000000, 0x0000000100000000, 0x0000000100000000)
 Metaspace       used 37582K, capacity 38428K, committed 38728K, reserved 1083392K
  class space    used 4393K, capacity 4634K, committed 4680K, reserved 1048576K
}
2019-08-01T15:36:18.952+0300: 15647.119: Total time for which application threads were stopped: 0.0379359 seconds, Stopping threads took: 0.0000499 seconds
2019-08-01T15:36:19.507+0300: 15647.674: Total time for which application threads were stopped: 0.0001027 seconds, Stopping threads took: 0.0000461 seconds
2019-08-01T15:36:19.507+0300: 15647.674: Total time for which application threads were stopped: 0.0001558 seconds, Stopping threads took: 0.0000295 seconds
2019-08-01T15:36:19.510+0300: 15647.676: Total time for which application threads were stopped: 0.0000972 seconds, Stopping threads took: 0.0000387 seconds
2019-08-01T15:36:19.510+0300: 15647.677: Total time for which application threads were stopped: 0.0000848 seconds, Stopping threads took: 0.0000328 seconds
2019-08-01T15:36:19.511+0300: 15647.677: Total time for which application threads were stopped: 0.0000705 seconds, Stopping threads took: 0.0000216 seconds
2019-08-01T15:36:20.511+0300: 15648.677: Total time for which application threads were stopped: 0.0000989 seconds, Stopping threads took: 0.0000393 seconds
{Heap before GC invocations=13 (full 1):
 par new generation   total 109248K, used 94907K [0x00000000e0000000, 0x00000000e8000000, 0x00000000e8000000)
  eden space 87424K, 100% used [0x00000000e0000000, 0x00000000e5560000, 0x00000000e5560000)
  from space 21824K,  34% used [0x00000000e6ab0000, 0x00000000e71fec08, 0x00000000e8000000)
  to   space 21824K,   0% used [0x00000000e5560000, 0x00000000e5560000, 0x00000000e6ab0000)
 concurrent mark-sweep generation total 393216K, used 11604K [0x00000000e8000000, 0x0000000100000000, 0x0000000100000000)
 Metaspace       used 37600K, capacity 38432K, committed 38728K, reserved 1083392K
  class space    used 4393K, capacity 4634K, committed 4680K, reserved 1048576K
2019-08-01T15:36:26.425+0300: 15654.592: [GC (Allocation Failure) 2019-08-01T15:36:26.425+0300: 15654.592: [ParNew
Desired survivor size 20112992 bytes, new threshold 8 (max 8)
- age   1:    2948984 bytes,    2948984 total
- age   2:     588896 bytes,    3537880 total
- age   3:     337904 bytes,    3875784 total
- age   4:     433880 bytes,    4309664 total
- age   5:     465920 bytes,    4775584 total
- age   6:     451392 bytes,    5226976 total
- age   7:     147056 bytes,    5374032 total
- age   8:     299584 bytes,    5673616 total
: 94907K->7214K(109248K), 0.0251252 secs] 106511K->21822K(502464K), 0.0252161 secs] [Times: user=0.11 sys=0.00, real=0.03 secs] 
Heap after GC invocations=14 (full 1):
 par new generation   total 109248K, used 7214K [0x00000000e0000000, 0x00000000e8000000, 0x00000000e8000000)
  eden space 87424K,   0% used [0x00000000e0000000, 0x00000000e0000000, 0x00000000e5560000)
  from space 21824K,  33% used [0x00000000e5560000, 0x00000000e5c6b900, 0x00000000e6ab0000)
  to   space 21824K,   0% used [0x00000000e6ab0000, 0x00000000e6ab0000, 0x00000000e8000000)
 concurrent mark-sweep generation total 393216K, used 14608K [0x00000000e8000000, 0x0000000100000000, 0x0000000100000000)
 Metaspace       used 37600K, capacity 38432K, committed 38728K, reserved 1083392K
  class space    used 4393K, capacity 4634K, committed 4680K, reserved 1048576K
}
2019-08-01T15:36:26.450+0300: 15654.617: Total time for which application threads were stopped: 0.0254271 seconds, Stopping threads took: 0.0000279 seconds
2019-08-01T15:36:26.555+0300: 15654.722: Total time for which application threads were stopped: 0.0001323 seconds, Stopping threads took: 0.0000461 seconds
2019-08-01T15:36:26.557+0300: 15654.724: Total time for which application threads were stopped: 0.0001033 seconds, Stopping threads took: 0.0000506 seconds
2019-08-01T15:36:27.262+0300: 15655.428: Total time for which application threads were stopped: 0.0000793 seconds, Stopping threads took: 0.0000169 seconds
2019-08-01T15:36:27.262+0300: 15655.428: Total time for which application threads were stopped: 0.0000419 seconds, Stopping threads took: 0.0000069 seconds
2019-08-01T15:36:27.262+0300: 15655.429: Total time for which application threads were stopped: 0.0000254 seconds, Stopping threads took: 0.0000059 seconds
2019-08-01T15:36:27.264+0300: 15655.431: Total time for which application threads were stopped: 0.0000761 seconds, Stopping threads took: 0.0000296 seconds
2019-08-01T15:36:27.264+0300: 15655.431: Total time for which application threads were stopped: 0.0000397 seconds, Stopping threads took: 0.0000127 seconds
2019-08-01T15:36:27.264+0300: 15655.431: Total time for which application threads were stopped: 0.0000278 seconds, Stopping threads took: 0.0000066 seconds
2019-08-01T15:36:28.264+0300: 15656.431: Total time for which application threads were stopped: 0.0000975 seconds, Stopping threads took: 0.0000208 seconds
{Heap before GC invocations=14 (full 1):
 par new generation   total 109248K, used 94638K [0x00000000e0000000, 0x00000000e8000000, 0x00000000e8000000)
  eden space 87424K, 100% used [0x00000000e0000000, 0x00000000e5560000, 0x00000000e5560000)
  from space 21824K,  33% used [0x00000000e5560000, 0x00000000e5c6b900, 0x00000000e6ab0000)
  to   space 21824K,   0% used [0x00000000e6ab0000, 0x00000000e6ab0000, 0x00000000e8000000)
 concurrent mark-sweep generation total 393216K, used 14608K [0x00000000e8000000, 0x0000000100000000, 0x0000000100000000)
 Metaspace       used 37628K, capacity 38432K, committed 38728K, reserved 1083392K
  class space    used 4393K, capacity 4634K, committed 4680K, reserved 1048576K
2019-08-01T15:36:34.137+0300: 15662.304: [GC (Allocation Failure) 2019-08-01T15:36:34.138+0300: 15662.304: [ParNew
Desired survivor size 20112992 bytes, new threshold 8 (max 8)
- age   1:    2750344 bytes,    2750344 total
- age   2:     101552 bytes,    2851896 total
- age   3:     516968 bytes,    3368864 total
- age   4:     337728 bytes,    3706592 total
- age   5:     433056 bytes,    4139648 total
- age   6:     465704 bytes,    4605352 total
- age   7:     450416 bytes,    5055768 total
- age   8:     147056 bytes,    5202824 total
: 94638K->7366K(109248K), 0.0125156 secs] 109246K->22271K(502464K), 0.0126100 secs] [Times: user=0.04 sys=0.00, real=0.02 secs] 
Heap after GC invocations=15 (full 1):
 par new generation   total 109248K, used 7366K [0x00000000e0000000, 0x00000000e8000000, 0x00000000e8000000)
  eden space 87424K,   0% used [0x00000000e0000000, 0x00000000e0000000, 0x00000000e5560000)
  from space 21824K,  33% used [0x00000000e6ab0000, 0x00000000e71e1bf8, 0x00000000e8000000)
  to   space 21824K,   0% used [0x00000000e5560000, 0x00000000e5560000, 0x00000000e6ab0000)
 concurrent mark-sweep generation total 393216K, used 14904K [0x00000000e8000000, 0x0000000100000000, 0x0000000100000000)
 Metaspace       used 37628K, capacity 38432K, committed 38728K, reserved 1083392K
  class space    used 4393K, capacity 4634K, committed 4680K, reserved 1048576K
}
2019-08-01T15:36:34.150+0300: 15662.317: Total time for which application threads were stopped: 0.0128461 seconds, Stopping threads took: 0.0000567 seconds
2019-08-01T15:36:34.295+0300: 15662.461: Total time for which application threads were stopped: 0.0001296 seconds, Stopping threads took: 0.0000402 seconds
2019-08-01T15:36:34.296+0300: 15662.463: Total time for which application threads were stopped: 0.0000826 seconds, Stopping threads took: 0.0000303 seconds
2019-08-01T15:36:34.982+0300: 15663.148: Total time for which application threads were stopped: 0.0004113 seconds, Stopping threads took: 0.0002081 seconds
2019-08-01T15:36:34.982+0300: 15663.149: Total time for which application threads were stopped: 0.0002300 seconds, Stopping threads took: 0.0000521 seconds
2019-08-01T15:36:34.993+0300: 15663.160: Total time for which application threads were stopped: 0.0018781 seconds, Stopping threads took: 0.0017206 seconds
2019-08-01T15:36:34.995+0300: 15663.161: Total time for which application threads were stopped: 0.0004468 seconds, Stopping threads took: 0.0002528 seconds
2019-08-01T15:36:34.997+0300: 15663.164: Total time for which application threads were stopped: 0.0002600 seconds, Stopping threads took: 0.0000742 seconds
2019-08-01T15:36:35.997+0300: 15664.164: Total time for which application threads were stopped: 0.0000719 seconds, Stopping threads took: 0.0000215 seconds
{Heap before GC invocations=15 (full 1):
 par new generation   total 109248K, used 94790K [0x00000000e0000000, 0x00000000e8000000, 0x00000000e8000000)
  eden space 87424K, 100% used [0x00000000e0000000, 0x00000000e5560000, 0x00000000e5560000)
  from space 21824K,  33% used [0x00000000e6ab0000, 0x00000000e71e1bf8, 0x00000000e8000000)
  to   space 21824K,   0% used [0x00000000e5560000, 0x00000000e5560000, 0x00000000e6ab0000)
 concurrent mark-sweep generation total 393216K, used 14904K [0x00000000e8000000, 0x0000000100000000, 0x0000000100000000)
 Metaspace       used 37648K, capacity 38432K, committed 38728K, reserved 1083392K
  class space    used 4393K, capacity 4634K, committed 4680K, reserved 1048576K
2019-08-01T15:36:40.058+0300: 15668.224: [GC (Allocation Failure) 2019-08-01T15:36:40.058+0300: 15668.224: [ParNew
Desired survivor size 20112992 bytes, new threshold 8 (max 8)
- age   1:    2532480 bytes,    2532480 total
- age   2:     292776 bytes,    2825256 total
- age   3:      99720 bytes,    2924976 total
- age   4:     444792 bytes,    3369768 total
- age   5:     337728 bytes,    3707496 total
- age   6:     433056 bytes,    4140552 total
- age   7:     465552 bytes,    4606104 total
- age   8:     450304 bytes,    5056408 total
: 94790K->6437K(109248K), 0.0064174 secs] 109695K->21486K(502464K), 0.0064846 secs] [Times: user=0.02 sys=0.00, real=0.01 secs] 
Heap after GC invocations=16 (full 1):
 par new generation   total 109248K, used 6437K [0x00000000e0000000, 0x00000000e8000000, 0x00000000e8000000)
  eden space 87424K,   0% used [0x00000000e0000000, 0x00000000e0000000, 0x00000000e5560000)
  from space 21824K,  29% used [0x00000000e5560000, 0x00000000e5ba96a0, 0x00000000e6ab0000)
  to   space 21824K,   0% used [0x00000000e6ab0000, 0x00000000e6ab0000, 0x00000000e8000000)
 concurrent mark-sweep generation total 393216K, used 15048K [0x00000000e8000000, 0x0000000100000000, 0x0000000100000000)
 Metaspace       used 37648K, capacity 38432K, committed 38728K, reserved 1083392K
  class space    used 4393K, capacity 4634K, committed 4680K, reserved 1048576K
}
2019-08-01T15:36:40.064+0300: 15668.231: Total time for which application threads were stopped: 0.0066304 seconds, Stopping threads took: 0.0000318 seconds
2019-08-01T15:36:40.192+0300: 15668.359: Total time for which application threads were stopped: 0.0001036 seconds, Stopping threads took: 0.0000254 seconds
2019-08-01T15:36:40.194+0300: 15668.360: Total time for which application threads were stopped: 0.0001251 seconds, Stopping threads took: 0.0000436 seconds
2019-08-01T15:36:40.764+0300: 15668.930: Total time for which application threads were stopped: 0.0001776 seconds, Stopping threads took: 0.0000416 seconds
2019-08-01T15:36:40.764+0300: 15668.930: Total time for which application threads were stopped: 0.0001037 seconds, Stopping threads took: 0.0000220 seconds
2019-08-01T15:36:40.769+0300: 15668.936: Total time for which application threads were stopped: 0.0003102 seconds, Stopping threads took: 0.0001832 seconds
2019-08-01T15:36:40.770+0300: 15668.936: Total time for which application threads were stopped: 0.0001349 seconds, Stopping threads took: 0.0000471 seconds
2019-08-01T15:36:40.770+0300: 15668.937: Total time for which application threads were stopped: 0.0002330 seconds, Stopping threads took: 0.0001054 seconds
2019-08-01T15:36:40.811+0300: 15668.977: Total time for which application threads were stopped: 0.0001303 seconds, Stopping threads took: 0.0000459 seconds
2019-08-01T15:36:40.823+0300: 15668.990: Total time for which application threads were stopped: 0.0001184 seconds, Stopping threads took: 0.0000675 seconds
2019-08-01T15:36:40.830+0300: 15668.996: Total time for which application threads were stopped: 0.0000774 seconds, Stopping threads took: 0.0000160 seconds
2019-08-01T15:36:40.851+0300: 15669.018: Total time for which application threads were stopped: 0.0001501 seconds, Stopping threads took: 0.0000468 seconds
2019-08-01T15:36:40.870+0300: 15669.037: Total time for which application threads were stopped: 0.0001361 seconds, Stopping threads took: 0.0000440 seconds
2019-08-01T15:36:40.908+0300: 15669.074: Total time for which application threads were stopped: 0.0001211 seconds, Stopping threads took: 0.0000471 seconds
2019-08-01T15:36:40.920+0300: 15669.086: Total time for which application threads were stopped: 0.0001043 seconds, Stopping threads took: 0.0000395 seconds
2019-08-01T15:36:40.930+0300: 15669.096: Total time for which application threads were stopped: 0.0003330 seconds, Stopping threads took: 0.0002606 seconds
2019-08-01T15:36:40.936+0300: 15669.103: Total time for which application threads were stopped: 0.0001282 seconds, Stopping threads took: 0.0000560 seconds
2019-08-01T15:36:40.942+0300: 15669.109: Total time for which application threads were stopped: 0.0003203 seconds, Stopping threads took: 0.0000449 seconds
2019-08-01T15:36:40.947+0300: 15669.114: Total time for which application threads were stopped: 0.0001258 seconds, Stopping threads took: 0.0000577 seconds
2019-08-01T15:36:40.955+0300: 15669.121: Total time for which application threads were stopped: 0.0005721 seconds, Stopping threads took: 0.0000246 seconds
2019-08-01T15:36:40.958+0300: 15669.125: Total time for which application threads were stopped: 0.0000721 seconds, Stopping threads took: 0.0000249 seconds
2019-08-01T15:36:40.958+0300: 15669.125: Total time for which application threads were stopped: 0.0000407 seconds, Stopping threads took: 0.0000126 seconds
2019-08-01T15:36:40.959+0300: 15669.125: Total time for which application threads were stopped: 0.0000984 seconds, Stopping threads took: 0.0000143 seconds
{Heap before GC invocations=16 (full 1):
 par new generation   total 109248K, used 93861K [0x00000000e0000000, 0x00000000e8000000, 0x00000000e8000000)
  eden space 87424K, 100% used [0x00000000e0000000, 0x00000000e5560000, 0x00000000e5560000)
  from space 21824K,  29% used [0x00000000e5560000, 0x00000000e5ba96a0, 0x00000000e6ab0000)
  to   space 21824K,   0% used [0x00000000e6ab0000, 0x00000000e6ab0000, 0x00000000e8000000)
 concurrent mark-sweep generation total 393216K, used 15048K [0x00000000e8000000, 0x0000000100000000, 0x0000000100000000)
 Metaspace       used 37866K, capacity 38664K, committed 38984K, reserved 1083392K
  class space    used 4419K, capacity 4670K, committed 4680K, reserved 1048576K
2019-08-01T15:36:41.342+0300: 15669.509: [GC (Allocation Failure) 2019-08-01T15:36:41.342+0300: 15669.509: [ParNew
Desired survivor size 20112992 bytes, new threshold 8 (max 8)
- age   1:    2270160 bytes,    2270160 total
- age   2:     250080 bytes,    2520240 total
- age   3:     291080 bytes,    2811320 total
- age   4:      28712 bytes,    2840032 total
- age   5:     444184 bytes,    3284216 total
- age   6:     337648 bytes,    3621864 total
- age   7:     432976 bytes,    4054840 total
- age   8:     465512 bytes,    4520352 total
: 93861K->5614K(109248K), 0.0097349 secs] 108910K->21103K(502464K), 0.0098170 secs] [Times: user=0.03 sys=0.00, real=0.01 secs] 
Heap after GC invocations=17 (full 1):
 par new generation   total 109248K, used 5614K [0x00000000e0000000, 0x00000000e8000000, 0x00000000e8000000)
  eden space 87424K,   0% used [0x00000000e0000000, 0x00000000e0000000, 0x00000000e5560000)
  from space 21824K,  25% used [0x00000000e6ab0000, 0x00000000e702bb38, 0x00000000e8000000)
  to   space 21824K,   0% used [0x00000000e5560000, 0x00000000e5560000, 0x00000000e6ab0000)
 concurrent mark-sweep generation total 393216K, used 15489K [0x00000000e8000000, 0x0000000100000000, 0x0000000100000000)
 Metaspace       used 37866K, capacity 38664K, committed 38984K, reserved 1083392K
  class space    used 4419K, capacity 4670K, committed 4680K, reserved 1048576K
}
2019-08-01T15:36:41.352+0300: 15669.519: Total time for which application threads were stopped: 0.0100712 seconds, Stopping threads took: 0.0000505 seconds
2019-08-01T15:36:41.448+0300: 15669.615: Total time for which application threads were stopped: 0.0007025 seconds, Stopping threads took: 0.0000398 seconds
2019-08-01T15:36:41.883+0300: 15670.049: Total time for which application threads were stopped: 0.0002700 seconds, Stopping threads took: 0.0000526 seconds
2019-08-01T15:36:42.883+0300: 15671.050: Total time for which application threads were stopped: 0.0001050 seconds, Stopping threads took: 0.0000202 seconds
2019-08-01T15:36:44.877+0300: 15673.044: Total time for which application threads were stopped: 0.0002089 seconds, Stopping threads took: 0.0001151 seconds
2019-08-01T15:36:44.878+0300: 15673.045: Total time for which application threads were stopped: 0.0000759 seconds, Stopping threads took: 0.0000363 seconds
2019-08-01T15:36:44.878+0300: 15673.045: Total time for which application threads were stopped: 0.0000444 seconds, Stopping threads took: 0.0000146 seconds
2019-08-01T15:36:44.878+0300: 15673.045: Total time for which application threads were stopped: 0.0000901 seconds, Stopping threads took: 0.0000619 seconds
2019-08-01T15:36:44.878+0300: 15673.045: Total time for which application threads were stopped: 0.0000578 seconds, Stopping threads took: 0.0000288 seconds
2019-08-01T15:36:44.879+0300: 15673.046: Total time for which application threads were stopped: 0.0000603 seconds, Stopping threads took: 0.0000253 seconds
2019-08-01T15:36:44.879+0300: 15673.046: Total time for which application threads were stopped: 0.0000371 seconds, Stopping threads took: 0.0000137 seconds
2019-08-01T15:36:44.879+0300: 15673.046: Total time for which application threads were stopped: 0.0000439 seconds, Stopping threads took: 0.0000227 seconds
2019-08-01T15:36:44.879+0300: 15673.046: Total time for which application threads were stopped: 0.0000355 seconds, Stopping threads took: 0.0000132 seconds
2019-08-01T15:36:44.880+0300: 15673.046: Total time for which application threads were stopped: 0.0000526 seconds, Stopping threads took: 0.0000292 seconds
2019-08-01T15:36:44.880+0300: 15673.046: Total time for which application threads were stopped: 0.0000438 seconds, Stopping threads took: 0.0000189 seconds
2019-08-01T15:36:44.967+0300: 15673.133: Total time for which application threads were stopped: 0.0001393 seconds, Stopping threads took: 0.0000348 seconds
2019-08-01T15:36:45.967+0300: 15674.134: Total time for which application threads were stopped: 0.0001742 seconds, Stopping threads took: 0.0000449 seconds
2019-08-01T15:36:46.074+0300: 15674.241: Total time for which application threads were stopped: 0.0003258 seconds, Stopping threads took: 0.0001616 seconds
2019-08-01T15:36:46.075+0300: 15674.241: Total time for which application threads were stopped: 0.0005079 seconds, Stopping threads took: 0.0003542 seconds
2019-08-01T15:36:46.075+0300: 15674.242: Total time for which application threads were stopped: 0.0002179 seconds, Stopping threads took: 0.0000918 seconds
2019-08-01T15:36:46.078+0300: 15674.244: Total time for which application threads were stopped: 0.0002369 seconds, Stopping threads took: 0.0000721 seconds
2019-08-01T15:36:46.078+0300: 15674.245: Total time for which application threads were stopped: 0.0001711 seconds, Stopping threads took: 0.0000570 seconds
2019-08-01T15:36:46.079+0300: 15674.245: Total time for which application threads were stopped: 0.0002140 seconds, Stopping threads took: 0.0000577 seconds
2019-08-01T15:36:46.079+0300: 15674.246: Total time for which application threads were stopped: 0.0001869 seconds, Stopping threads took: 0.0000546 seconds
2019-08-01T15:36:46.079+0300: 15674.246: Total time for which application threads were stopped: 0.0001876 seconds, Stopping threads took: 0.0000495 seconds
2019-08-01T15:36:46.080+0300: 15674.246: Total time for which application threads were stopped: 0.0002299 seconds, Stopping threads took: 0.0000968 seconds
2019-08-01T15:36:46.080+0300: 15674.247: Total time for which application threads were stopped: 0.0002285 seconds, Stopping threads took: 0.0001015 seconds
2019-08-01T15:36:46.081+0300: 15674.247: Total time for which application threads were stopped: 0.0002896 seconds, Stopping threads took: 0.0001534 seconds
2019-08-01T15:36:46.081+0300: 15674.248: Total time for which application threads were stopped: 0.0003043 seconds, Stopping threads took: 0.0001755 seconds
2019-08-01T15:36:46.082+0300: 15674.248: Total time for which application threads were stopped: 0.0002465 seconds, Stopping threads took: 0.0001206 seconds
2019-08-01T15:36:46.082+0300: 15674.249: Total time for which application threads were stopped: 0.0002746 seconds, Stopping threads took: 0.0001427 seconds
2019-08-01T15:36:46.083+0300: 15674.249: Total time for which application threads were stopped: 0.0002823 seconds, Stopping threads took: 0.0001461 seconds
2019-08-01T15:36:46.083+0300: 15674.250: Total time for which application threads were stopped: 0.0002800 seconds, Stopping threads took: 0.0001464 seconds
2019-08-01T15:36:46.084+0300: 15674.250: Total time for which application threads were stopped: 0.0003048 seconds, Stopping threads took: 0.0001367 seconds
2019-08-01T15:36:46.084+0300: 15674.251: Total time for which application threads were stopped: 0.0002048 seconds, Stopping threads took: 0.0000876 seconds
2019-08-01T15:36:46.084+0300: 15674.251: Total time for which application threads were stopped: 0.0001983 seconds, Stopping threads took: 0.0000826 seconds
2019-08-01T15:36:46.085+0300: 15674.251: Total time for which application threads were stopped: 0.0002108 seconds, Stopping threads took: 0.0000823 seconds
2019-08-01T15:36:46.085+0300: 15674.252: Total time for which application threads were stopped: 0.0002133 seconds, Stopping threads took: 0.0000783 seconds
2019-08-01T15:36:46.085+0300: 15674.252: Total time for which application threads were stopped: 0.0002224 seconds, Stopping threads took: 0.0001011 seconds
2019-08-01T15:36:46.086+0300: 15674.252: Total time for which application threads were stopped: 0.0001984 seconds, Stopping threads took: 0.0000806 seconds
2019-08-01T15:36:46.086+0300: 15674.253: Total time for which application threads were stopped: 0.0002350 seconds, Stopping threads took: 0.0001303 seconds
2019-08-01T15:36:46.086+0300: 15674.253: Total time for which application threads were stopped: 0.0001940 seconds, Stopping threads took: 0.0000918 seconds
2019-08-01T15:36:46.087+0300: 15674.253: Total time for which application threads were stopped: 0.0002117 seconds, Stopping threads took: 0.0000699 seconds
2019-08-01T15:36:46.087+0300: 15674.254: Total time for which application threads were stopped: 0.0002036 seconds, Stopping threads took: 0.0000893 seconds
2019-08-01T15:36:46.087+0300: 15674.254: Total time for which application threads were stopped: 0.0001656 seconds, Stopping threads took: 0.0000688 seconds
2019-08-01T15:36:46.087+0300: 15674.254: Total time for which application threads were stopped: 0.0001292 seconds, Stopping threads took: 0.0000336 seconds
2019-08-01T15:36:46.088+0300: 15674.254: Total time for which application threads were stopped: 0.0001353 seconds, Stopping threads took: 0.0000337 seconds
2019-08-01T15:36:46.090+0300: 15674.256: Total time for which application threads were stopped: 0.0001712 seconds, Stopping threads took: 0.0000461 seconds
2019-08-01T15:36:46.090+0300: 15674.257: Total time for which application threads were stopped: 0.0001617 seconds, Stopping threads took: 0.0000570 seconds
2019-08-01T15:36:46.092+0300: 15674.258: Total time for which application threads were stopped: 0.0003647 seconds, Stopping threads took: 0.0002258 seconds
2019-08-01T15:36:46.092+0300: 15674.259: Total time for which application threads were stopped: 0.0003215 seconds, Stopping threads took: 0.0000874 seconds
2019-08-01T15:36:47.092+0300: 15675.259: Total time for which application threads were stopped: 0.0001220 seconds, Stopping threads took: 0.0000226 seconds
{Heap before GC invocations=17 (full 1):
 par new generation   total 109248K, used 93038K [0x00000000e0000000, 0x00000000e8000000, 0x00000000e8000000)
  eden space 87424K, 100% used [0x00000000e0000000, 0x00000000e5560000, 0x00000000e5560000)
  from space 21824K,  25% used [0x00000000e6ab0000, 0x00000000e702bb38, 0x00000000e8000000)
  to   space 21824K,   0% used [0x00000000e5560000, 0x00000000e5560000, 0x00000000e6ab0000)
 concurrent mark-sweep generation total 393216K, used 15489K [0x00000000e8000000, 0x0000000100000000, 0x0000000100000000)
 Metaspace       used 38073K, capacity 38952K, committed 39368K, reserved 1083392K
  class space    used 4437K, capacity 4702K, committed 4808K, reserved 1048576K
2019-08-01T15:36:53.463+0300: 15681.630: [GC (Allocation Failure) 2019-08-01T15:36:53.464+0300: 15681.630: [ParNew
Desired survivor size 20112992 bytes, new threshold 8 (max 8)
- age   1:    2872824 bytes,    2872824 total
- age   2:    1402616 bytes,    4275440 total
- age   3:      76864 bytes,    4352304 total
- age   4:       8240 bytes,    4360544 total
- age   5:       1952 bytes,    4362496 total
- age   6:      59800 bytes,    4422296 total
- age   7:      27784 bytes,    4450080 total
- age   8:      40064 bytes,    4490144 total
: 93038K->6885K(109248K), 0.0057486 secs] 108527K->22451K(502464K), 0.0058340 secs] [Times: user=0.02 sys=0.00, real=0.00 secs] 
Heap after GC invocations=18 (full 1):
 par new generation   total 109248K, used 6885K [0x00000000e0000000, 0x00000000e8000000, 0x00000000e8000000)
  eden space 87424K,   0% used [0x00000000e0000000, 0x00000000e0000000, 0x00000000e5560000)
  from space 21824K,  31% used [0x00000000e5560000, 0x00000000e5c19708, 0x00000000e6ab0000)
  to   space 21824K,   0% used [0x00000000e6ab0000, 0x00000000e6ab0000, 0x00000000e8000000)
 concurrent mark-sweep generation total 393216K, used 15566K [0x00000000e8000000, 0x0000000100000000, 0x0000000100000000)
 Metaspace       used 38073K, capacity 38952K, committed 39368K, reserved 1083392K
  class space    used 4437K, capacity 4702K, committed 4808K, reserved 1048576K
}
2019-08-01T15:36:53.469+0300: 15681.636: Total time for which application threads were stopped: 0.0060361 seconds, Stopping threads took: 0.0000526 seconds
{Heap before GC invocations=18 (full 1):
 par new generation   total 109248K, used 94309K [0x00000000e0000000, 0x00000000e8000000, 0x00000000e8000000)
  eden space 87424K, 100% used [0x00000000e0000000, 0x00000000e5560000, 0x00000000e5560000)
  from space 21824K,  31% used [0x00000000e5560000, 0x00000000e5c19708, 0x00000000e6ab0000)
  to   space 21824K,   0% used [0x00000000e6ab0000, 0x00000000e6ab0000, 0x00000000e8000000)
 concurrent mark-sweep generation total 393216K, used 15566K [0x00000000e8000000, 0x0000000100000000, 0x0000000100000000)
 Metaspace       used 38073K, capacity 38952K, committed 39368K, reserved 1083392K
  class space    used 4437K, capacity 4702K, committed 4808K, reserved 1048576K
2019-08-01T15:36:53.639+0300: 15681.806: [GC (Allocation Failure) 2019-08-01T15:36:53.639+0300: 15681.806: [ParNew
Desired survivor size 20112992 bytes, new threshold 8 (max 8)
- age   1:    1237400 bytes,    1237400 total
- age   2:    2772512 bytes,    4009912 total
- age   3:    1401640 bytes,    5411552 total
- age   4:      76864 bytes,    5488416 total
- age   5:       8240 bytes,    5496656 total
- age   6:       1952 bytes,    5498608 total
- age   7:      59800 bytes,    5558408 total
- age   8:      27784 bytes,    5586192 total
: 94309K->6239K(109248K), 0.0069182 secs] 109875K->21845K(502464K), 0.0069866 secs] [Times: user=0.03 sys=0.00, real=0.01 secs] 
Heap after GC invocations=19 (full 1):
 par new generation   total 109248K, used 6239K [0x00000000e0000000, 0x00000000e8000000, 0x00000000e8000000)
  eden space 87424K,   0% used [0x00000000e0000000, 0x00000000e0000000, 0x00000000e5560000)
  from space 21824K,  28% used [0x00000000e6ab0000, 0x00000000e70c7ee0, 0x00000000e8000000)
  to   space 21824K,   0% used [0x00000000e5560000, 0x00000000e5560000, 0x00000000e6ab0000)
 concurrent mark-sweep generation total 393216K, used 15605K [0x00000000e8000000, 0x0000000100000000, 0x0000000100000000)
 Metaspace       used 38073K, capacity 38952K, committed 39368K, reserved 1083392K
  class space    used 4437K, capacity 4702K, committed 4808K, reserved 1048576K
}
2019-08-01T15:36:53.646+0300: 15681.813: Total time for which application threads were stopped: 0.0071289 seconds, Stopping threads took: 0.0000235 seconds
2019-08-01T15:36:53.719+0300: 15681.885: Total time for which application threads were stopped: 0.0001229 seconds, Stopping threads took: 0.0000325 seconds
2019-08-01T15:36:53.722+0300: 15681.889: Total time for which application threads were stopped: 0.0000748 seconds, Stopping threads took: 0.0000246 seconds
2019-08-01T15:36:53.724+0300: 15681.890: Total time for which application threads were stopped: 0.0000715 seconds, Stopping threads took: 0.0000254 seconds
2019-08-01T15:36:54.249+0300: 15682.415: Total time for which application threads were stopped: 0.0002414 seconds, Stopping threads took: 0.0001780 seconds
2019-08-01T15:36:54.249+0300: 15682.416: Total time for which application threads were stopped: 0.0001559 seconds, Stopping threads took: 0.0000743 seconds
2019-08-01T15:36:54.249+0300: 15682.416: Total time for which application threads were stopped: 0.0001243 seconds, Stopping threads took: 0.0000879 seconds
{Heap before GC invocations=19 (full 1):
 par new generation   total 109248K, used 93663K [0x00000000e0000000, 0x00000000e8000000, 0x00000000e8000000)
  eden space 87424K, 100% used [0x00000000e0000000, 0x00000000e5560000, 0x00000000e5560000)
  from space 21824K,  28% used [0x00000000e6ab0000, 0x00000000e70c7ee0, 0x00000000e8000000)
  to   space 21824K,   0% used [0x00000000e5560000, 0x00000000e5560000, 0x00000000e6ab0000)
 concurrent mark-sweep generation total 393216K, used 15605K [0x00000000e8000000, 0x0000000100000000, 0x0000000100000000)
 Metaspace       used 38092K, capacity 38952K, committed 39368K, reserved 1083392K
  class space    used 4437K, capacity 4702K, committed 4808K, reserved 1048576K
2019-08-01T15:37:01.607+0300: 15689.774: [GC (Allocation Failure) 2019-08-01T15:37:01.607+0300: 15689.774: [ParNew
Desired survivor size 20112992 bytes, new threshold 8 (max 8)
- age   1:    2850192 bytes,    2850192 total
- age   2:      88504 bytes,    2938696 total
- age   3:    1116584 bytes,    4055280 total
- age   4:    1401384 bytes,    5456664 total
- age   5:       5632 bytes,    5462296 total
- age   6:       8240 bytes,    5470536 total
- age   7:       1952 bytes,    5472488 total
- age   8:      59800 bytes,    5532288 total
: 93663K->9222K(109248K), 0.0067366 secs] 109269K->24855K(502464K), 0.0068262 secs] [Times: user=0.01 sys=0.00, real=0.01 secs] 
Heap after GC invocations=20 (full 1):
 par new generation   total 109248K, used 9222K [0x00000000e0000000, 0x00000000e8000000, 0x00000000e8000000)
  eden space 87424K,   0% used [0x00000000e0000000, 0x00000000e0000000, 0x00000000e5560000)
  from space 21824K,  42% used [0x00000000e5560000, 0x00000000e5e61b80, 0x00000000e6ab0000)
  to   space 21824K,   0% used [0x00000000e6ab0000, 0x00000000e6ab0000, 0x00000000e8000000)
 concurrent mark-sweep generation total 393216K, used 15632K [0x00000000e8000000, 0x0000000100000000, 0x0000000100000000)
 Metaspace       used 38092K, capacity 38952K, committed 39368K, reserved 1083392K
  class space    used 4437K, capacity 4702K, committed 4808K, reserved 1048576K
}
2019-08-01T15:37:01.614+0300: 15689.781: Total time for which application threads were stopped: 0.0070216 seconds, Stopping threads took: 0.0000273 seconds
2019-08-01T15:37:01.756+0300: 15689.923: Total time for which application threads were stopped: 0.0000896 seconds, Stopping threads took: 0.0000272 seconds
2019-08-01T15:37:01.759+0300: 15689.926: Total time for which application threads were stopped: 0.0000995 seconds, Stopping threads took: 0.0000246 seconds
2019-08-01T15:37:02.746+0300: 15690.912: Total time for which application threads were stopped: 0.0001535 seconds, Stopping threads took: 0.0000369 seconds
2019-08-01T15:37:02.746+0300: 15690.913: Total time for which application threads were stopped: 0.0001228 seconds, Stopping threads took: 0.0000295 seconds
2019-08-01T15:37:02.746+0300: 15690.913: Total time for which application threads were stopped: 0.0001018 seconds, Stopping threads took: 0.0000319 seconds
2019-08-01T15:37:02.750+0300: 15690.917: Total time for which application threads were stopped: 0.0003705 seconds, Stopping threads took: 0.0001707 seconds
2019-08-01T15:37:02.751+0300: 15690.918: Total time for which application threads were stopped: 0.0004233 seconds, Stopping threads took: 0.0002899 seconds
2019-08-01T15:37:02.752+0300: 15690.918: Total time for which application threads were stopped: 0.0001301 seconds, Stopping threads took: 0.0000517 seconds
2019-08-01T15:37:03.752+0300: 15691.919: Total time for which application threads were stopped: 0.0000755 seconds, Stopping threads took: 0.0000211 seconds
{Heap before GC invocations=20 (full 1):
 par new generation   total 109248K, used 96646K [0x00000000e0000000, 0x00000000e8000000, 0x00000000e8000000)
  eden space 87424K, 100% used [0x00000000e0000000, 0x00000000e5560000, 0x00000000e5560000)
  from space 21824K,  42% used [0x00000000e5560000, 0x00000000e5e61b80, 0x00000000e6ab0000)
  to   space 21824K,   0% used [0x00000000e6ab0000, 0x00000000e6ab0000, 0x00000000e8000000)
 concurrent mark-sweep generation total 393216K, used 15632K [0x00000000e8000000, 0x0000000100000000, 0x0000000100000000)
 Metaspace       used 38101K, capacity 38952K, committed 39368K, reserved 1083392K
  class space    used 4437K, capacity 4702K, committed 4808K, reserved 1048576K
2019-08-01T15:37:10.093+0300: 15698.260: [GC (Allocation Failure) 2019-08-01T15:37:10.093+0300: 15698.260: [ParNew
Desired survivor size 20112992 bytes, new threshold 8 (max 8)
- age   1:    2625728 bytes,    2625728 total
- age   2:     244480 bytes,    2870208 total
- age   3:      88432 bytes,    2958640 total
- age   4:    1044696 bytes,    4003336 total
- age   5:    1401232 bytes,    5404568 total
- age   6:       5520 bytes,    5410088 total
- age   7:       7360 bytes,    5417448 total
- age   8:       1952 bytes,    5419400 total
: 96646K->6322K(109248K), 0.0068288 secs] 112279K->22013K(502464K), 0.0068978 secs] [Times: user=0.02 sys=0.00, real=0.00 secs] 
Heap after GC invocations=21 (full 1):
 par new generation   total 109248K, used 6322K [0x00000000e0000000, 0x00000000e8000000, 0x00000000e8000000)
  eden space 87424K,   0% used [0x00000000e0000000, 0x00000000e0000000, 0x00000000e5560000)
  from space 21824K,  28% used [0x00000000e6ab0000, 0x00000000e70dcb10, 0x00000000e8000000)
  to   space 21824K,   0% used [0x00000000e5560000, 0x00000000e5560000, 0x00000000e6ab0000)
 concurrent mark-sweep generation total 393216K, used 15690K [0x00000000e8000000, 0x0000000100000000, 0x0000000100000000)
 Metaspace       used 38101K, capacity 38952K, committed 39368K, reserved 1083392K
  class space    used 4437K, capacity 4702K, committed 4808K, reserved 1048576K
}
2019-08-01T15:37:10.100+0300: 15698.267: Total time for which application threads were stopped: 0.0070610 seconds, Stopping threads took: 0.0000466 seconds
{Heap before GC invocations=21 (full 1):
 par new generation   total 109248K, used 93746K [0x00000000e0000000, 0x00000000e8000000, 0x00000000e8000000)
  eden space 87424K, 100% used [0x00000000e0000000, 0x00000000e5560000, 0x00000000e5560000)
  from space 21824K,  28% used [0x00000000e6ab0000, 0x00000000e70dcb10, 0x00000000e8000000)
  to   space 21824K,   0% used [0x00000000e5560000, 0x00000000e5560000, 0x00000000e6ab0000)
 concurrent mark-sweep generation total 393216K, used 15690K [0x00000000e8000000, 0x0000000100000000, 0x0000000100000000)
 Metaspace       used 38102K, capacity 38952K, committed 39368K, reserved 1083392K
  class space    used 4437K, capacity 4702K, committed 4808K, reserved 1048576K
2019-08-01T15:37:10.255+0300: 15698.421: [GC (Allocation Failure) 2019-08-01T15:37:10.255+0300: 15698.422: [ParNew
Desired survivor size 20112992 bytes, new threshold 8 (max 8)
- age   1:     578256 bytes,     578256 total
- age   2:    1420520 bytes,    1998776 total
- age   3:     243568 bytes,    2242344 total
- age   4:      20104 bytes,    2262448 total
- age   5:    1041848 bytes,    3304296 total
- age   6:    1401232 bytes,    4705528 total
- age   7:       5520 bytes,    4711048 total
- age   8:       7360 bytes,    4718408 total
: 93746K->7957K(109248K), 0.0075795 secs] 109437K->23650K(502464K), 0.0076642 secs] [Times: user=0.03 sys=0.00, real=0.01 secs] 
Heap after GC invocations=22 (full 1):
 par new generation   total 109248K, used 7957K [0x00000000e0000000, 0x00000000e8000000, 0x00000000e8000000)
  eden space 87424K,   0% used [0x00000000e0000000, 0x00000000e0000000, 0x00000000e5560000)
  from space 21824K,  36% used [0x00000000e5560000, 0x00000000e5d25618, 0x00000000e6ab0000)
  to   space 21824K,   0% used [0x00000000e6ab0000, 0x00000000e6ab0000, 0x00000000e8000000)
 concurrent mark-sweep generation total 393216K, used 15692K [0x00000000e8000000, 0x0000000100000000, 0x0000000100000000)
 Metaspace       used 38102K, capacity 38952K, committed 39368K, reserved 1083392K
  class space    used 4437K, capacity 4702K, committed 4808K, reserved 1048576K
}
2019-08-01T15:37:10.263+0300: 15698.429: Total time for which application threads were stopped: 0.0078432 seconds, Stopping threads took: 0.0000327 seconds
2019-08-01T15:37:10.276+0300: 15698.443: Total time for which application threads were stopped: 0.0000977 seconds, Stopping threads took: 0.0000291 seconds
2019-08-01T15:37:10.278+0300: 15698.444: Total time for which application threads were stopped: 0.0001124 seconds, Stopping threads took: 0.0000484 seconds
2019-08-01T15:37:10.978+0300: 15699.145: Total time for which application threads were stopped: 0.0002419 seconds, Stopping threads took: 0.0000369 seconds
2019-08-01T15:37:10.978+0300: 15699.145: Total time for which application threads were stopped: 0.0001262 seconds, Stopping threads took: 0.0000281 seconds
2019-08-01T15:37:10.979+0300: 15699.145: Total time for which application threads were stopped: 0.0001193 seconds, Stopping threads took: 0.0000269 seconds
2019-08-01T15:37:10.982+0300: 15699.149: Total time for which application threads were stopped: 0.0002037 seconds, Stopping threads took: 0.0000943 seconds
2019-08-01T15:37:10.983+0300: 15699.149: Total time for which application threads were stopped: 0.0001628 seconds, Stopping threads took: 0.0000820 seconds
2019-08-01T15:37:10.983+0300: 15699.149: Total time for which application threads were stopped: 0.0001713 seconds, Stopping threads took: 0.0000768 seconds
{Heap before GC invocations=22 (full 1):
 par new generation   total 109248K, used 95381K [0x00000000e0000000, 0x00000000e8000000, 0x00000000e8000000)
  eden space 87424K, 100% used [0x00000000e0000000, 0x00000000e5560000, 0x00000000e5560000)
  from space 21824K,  36% used [0x00000000e5560000, 0x00000000e5d25618, 0x00000000e6ab0000)
  to   space 21824K,   0% used [0x00000000e6ab0000, 0x00000000e6ab0000, 0x00000000e8000000)
 concurrent mark-sweep generation total 393216K, used 15692K [0x00000000e8000000, 0x0000000100000000, 0x0000000100000000)
 Metaspace       used 38106K, capacity 38952K, committed 39368K, reserved 1083392K
  class space    used 4437K, capacity 4702K, committed 4808K, reserved 1048576K
2019-08-01T15:37:18.402+0300: 15706.569: [GC (Allocation Failure) 2019-08-01T15:37:18.402+0300: 15706.569: [ParNew
Desired survivor size 20112992 bytes, new threshold 8 (max 8)
- age   1:    2978296 bytes,    2978296 total
- age   2:      30768 bytes,    3009064 total
- age   3:     239784 bytes,    3248848 total
- age   4:     243192 bytes,    3492040 total
- age   5:      20104 bytes,    3512144 total
- age   6:    1040656 bytes,    4552800 total
- age   7:    1401232 bytes,    5954032 total
- age   8:       5520 bytes,    5959552 total
: 95381K->7438K(109248K), 0.0056122 secs] 111074K->23138K(502464K), 0.0056813 secs] [Times: user=0.02 sys=0.01, real=0.00 secs] 
Heap after GC invocations=23 (full 1):
 par new generation   total 109248K, used 7438K [0x00000000e0000000, 0x00000000e8000000, 0x00000000e8000000)
  eden space 87424K,   0% used [0x00000000e0000000, 0x00000000e0000000, 0x00000000e5560000)
  from space 21824K,  34% used [0x00000000e6ab0000, 0x00000000e71f3958, 0x00000000e8000000)
  to   space 21824K,   0% used [0x00000000e5560000, 0x00000000e5560000, 0x00000000e6ab0000)
 concurrent mark-sweep generation total 393216K, used 15700K [0x00000000e8000000, 0x0000000100000000, 0x0000000100000000)
 Metaspace       used 38106K, capacity 38952K, committed 39368K, reserved 1083392K
  class space    used 4437K, capacity 4702K, committed 4808K, reserved 1048576K
}
2019-08-01T15:37:18.408+0300: 15706.574: Total time for which application threads were stopped: 0.0058091 seconds, Stopping threads took: 0.0000175 seconds
2019-08-01T15:37:18.476+0300: 15706.643: Total time for which application threads were stopped: 0.0000846 seconds, Stopping threads took: 0.0000231 seconds
2019-08-01T15:37:18.478+0300: 15706.644: Total time for which application threads were stopped: 0.0000881 seconds, Stopping threads took: 0.0000295 seconds
2019-08-01T15:37:18.987+0300: 15707.154: Total time for which application threads were stopped: 0.0002248 seconds, Stopping threads took: 0.0000962 seconds
2019-08-01T15:37:18.988+0300: 15707.154: Total time for which application threads were stopped: 0.0001289 seconds, Stopping threads took: 0.0000402 seconds
2019-08-01T15:37:18.992+0300: 15707.159: Total time for which application threads were stopped: 0.0002368 seconds, Stopping threads took: 0.0001093 seconds
2019-08-01T15:37:18.992+0300: 15707.159: Total time for which application threads were stopped: 0.0001634 seconds, Stopping threads took: 0.0000681 seconds
2019-08-01T15:37:18.992+0300: 15707.159: Total time for which application threads were stopped: 0.0001333 seconds, Stopping threads took: 0.0000507 seconds
2019-08-01T15:37:19.993+0300: 15708.159: Total time for which application threads were stopped: 0.0000646 seconds, Stopping threads took: 0.0000192 seconds
{Heap before GC invocations=23 (full 1):
 par new generation   total 109248K, used 94862K [0x00000000e0000000, 0x00000000e8000000, 0x00000000e8000000)
  eden space 87424K, 100% used [0x00000000e0000000, 0x00000000e5560000, 0x00000000e5560000)
  from space 21824K,  34% used [0x00000000e6ab0000, 0x00000000e71f3958, 0x00000000e8000000)
  to   space 21824K,   0% used [0x00000000e5560000, 0x00000000e5560000, 0x00000000e6ab0000)
 concurrent mark-sweep generation total 393216K, used 15700K [0x00000000e8000000, 0x0000000100000000, 0x0000000100000000)
 Metaspace       used 38110K, capacity 38952K, committed 39368K, reserved 1083392K
  class space    used 4437K, capacity 4702K, committed 4808K, reserved 1048576K
2019-08-01T15:37:26.477+0300: 15714.643: [GC (Allocation Failure) 2019-08-01T15:37:26.477+0300: 15714.643: [ParNew
Desired survivor size 20112992 bytes, new threshold 8 (max 8)
- age   1:    2831344 bytes,    2831344 total
- age   2:     223944 bytes,    3055288 total
- age   3:      30472 bytes,    3085760 total
- age   4:     238416 bytes,    3324176 total
- age   5:     171800 bytes,    3495976 total
- age   6:      20104 bytes,    3516080 total
- age   7:    1039528 bytes,    4555608 total
- age   8:    1401232 bytes,    5956840 total
: 94862K->8639K(109248K), 0.0063347 secs] 110562K->24345K(502464K), 0.0064173 secs] [Times: user=0.02 sys=0.00, real=0.01 secs] 
Heap after GC invocations=24 (full 1):
 par new generation   total 109248K, used 8639K [0x00000000e0000000, 0x00000000e8000000, 0x00000000e8000000)
  eden space 87424K,   0% used [0x00000000e0000000, 0x00000000e0000000, 0x00000000e5560000)
  from space 21824K,  39% used [0x00000000e5560000, 0x00000000e5dcffe0, 0x00000000e6ab0000)
  to   space 21824K,   0% used [0x00000000e6ab0000, 0x00000000e6ab0000, 0x00000000e8000000)
 concurrent mark-sweep generation total 393216K, used 15705K [0x00000000e8000000, 0x0000000100000000, 0x0000000100000000)
 Metaspace       used 38110K, capacity 38952K, committed 39368K, reserved 1083392K
  class space    used 4437K, capacity 4702K, committed 4808K, reserved 1048576K
}
2019-08-01T15:37:26.483+0300: 15714.650: Total time for which application threads were stopped: 0.0065550 seconds, Stopping threads took: 0.0000200 seconds
2019-08-01T15:37:26.611+0300: 15714.778: Total time for which application threads were stopped: 0.0002408 seconds, Stopping threads took: 0.0000638 seconds
2019-08-01T15:37:26.613+0300: 15714.779: Total time for which application threads were stopped: 0.0001142 seconds, Stopping threads took: 0.0000447 seconds
2019-08-01T15:37:27.173+0300: 15715.340: Total time for which application threads were stopped: 0.0000929 seconds, Stopping threads took: 0.0000229 seconds
2019-08-01T15:37:27.173+0300: 15715.340: Total time for which application threads were stopped: 0.0000343 seconds, Stopping threads took: 0.0000079 seconds
2019-08-01T15:37:27.175+0300: 15715.342: Total time for which application threads were stopped: 0.0001681 seconds, Stopping threads took: 0.0001209 seconds
2019-08-01T15:37:27.175+0300: 15715.342: Total time for which application threads were stopped: 0.0001416 seconds, Stopping threads took: 0.0000866 seconds
2019-08-01T15:37:27.175+0300: 15715.342: Total time for which application threads were stopped: 0.0000748 seconds, Stopping threads took: 0.0000387 seconds
{Heap before GC invocations=24 (full 1):
 par new generation   total 109248K, used 96063K [0x00000000e0000000, 0x00000000e8000000, 0x00000000e8000000)
  eden space 87424K, 100% used [0x00000000e0000000, 0x00000000e5560000, 0x00000000e5560000)
  from space 21824K,  39% used [0x00000000e5560000, 0x00000000e5dcffe0, 0x00000000e6ab0000)
  to   space 21824K,   0% used [0x00000000e6ab0000, 0x00000000e6ab0000, 0x00000000e8000000)
 concurrent mark-sweep generation total 393216K, used 15705K [0x00000000e8000000, 0x0000000100000000, 0x0000000100000000)
 Metaspace       used 38117K, capacity 38952K, committed 39368K, reserved 1083392K
  class space    used 4437K, capacity 4702K, committed 4808K, reserved 1048576K
2019-08-01T15:37:34.586+0300: 15722.753: [GC (Allocation Failure) 2019-08-01T15:37:34.586+0300: 15722.753: [ParNew
Desired survivor size 20112992 bytes, new threshold 8 (max 8)
- age   1:    2623208 bytes,    2623208 total
- age   2:     238888 bytes,    2862096 total
- age   3:     222496 bytes,    3084592 total
- age   4:      30472 bytes,    3115064 total
- age   5:     167240 bytes,    3282304 total
- age   6:     171648 bytes,    3453952 total
- age   7:      20104 bytes,    3474056 total
- age   8:    1039528 bytes,    4513584 total
: 96063K->6831K(109248K), 0.0058482 secs] 111769K->23905K(502464K), 0.0059364 secs] [Times: user=0.02 sys=0.00, real=0.01 secs] 
Heap after GC invocations=25 (full 1):
 par new generation   total 109248K, used 6831K [0x00000000e0000000, 0x00000000e8000000, 0x00000000e8000000)
  eden space 87424K,   0% used [0x00000000e0000000, 0x00000000e0000000, 0x00000000e5560000)
  from space 21824K,  31% used [0x00000000e6ab0000, 0x00000000e715be00, 0x00000000e8000000)
  to   space 21824K,   0% used [0x00000000e5560000, 0x00000000e5560000, 0x00000000e6ab0000)
 concurrent mark-sweep generation total 393216K, used 17074K [0x00000000e8000000, 0x0000000100000000, 0x0000000100000000)
 Metaspace       used 38117K, capacity 38952K, committed 39368K, reserved 1083392K
  class space    used 4437K, capacity 4702K, committed 4808K, reserved 1048576K
}
2019-08-01T15:37:34.592+0300: 15722.759: Total time for which application threads were stopped: 0.0060793 seconds, Stopping threads took: 0.0000219 seconds
{Heap before GC invocations=25 (full 1):
 par new generation   total 109248K, used 94255K [0x00000000e0000000, 0x00000000e8000000, 0x00000000e8000000)
  eden space 87424K, 100% used [0x00000000e0000000, 0x00000000e5560000, 0x00000000e5560000)
  from space 21824K,  31% used [0x00000000e6ab0000, 0x00000000e715be00, 0x00000000e8000000)
  to   space 21824K,   0% used [0x00000000e5560000, 0x00000000e5560000, 0x00000000e6ab0000)
 concurrent mark-sweep generation total 393216K, used 17074K [0x00000000e8000000, 0x0000000100000000, 0x0000000100000000)
 Metaspace       used 38117K, capacity 38952K, committed 39368K, reserved 1083392K
  class space    used 4437K, capacity 4702K, committed 4808K, reserved 1048576K
2019-08-01T15:37:34.740+0300: 15722.907: [GC (Allocation Failure) 2019-08-01T15:37:34.740+0300: 15722.907: [ParNew
Desired survivor size 20112992 bytes, new threshold 8 (max 8)
- age   1:     567632 bytes,     567632 total
- age   2:    2597200 bytes,    3164832 total
- age   3:     237976 bytes,    3402808 total
- age   4:     222496 bytes,    3625304 total
- age   5:      30472 bytes,    3655776 total
- age   6:     167128 bytes,    3822904 total
- age   7:     171648 bytes,    3994552 total
- age   8:      20104 bytes,    4014656 total
: 94255K->5378K(109248K), 0.0070805 secs] 111329K->23469K(502464K), 0.0071609 secs] [Times: user=0.02 sys=0.01, real=0.01 secs] 
Heap after GC invocations=26 (full 1):
 par new generation   total 109248K, used 5378K [0x00000000e0000000, 0x00000000e8000000, 0x00000000e8000000)
  eden space 87424K,   0% used [0x00000000e0000000, 0x00000000e0000000, 0x00000000e5560000)
  from space 21824K,  24% used [0x00000000e5560000, 0x00000000e5aa0aa0, 0x00000000e6ab0000)
  to   space 21824K,   0% used [0x00000000e6ab0000, 0x00000000e6ab0000, 0x00000000e8000000)
 concurrent mark-sweep generation total 393216K, used 18090K [0x00000000e8000000, 0x0000000100000000, 0x0000000100000000)
 Metaspace       used 38117K, capacity 38952K, committed 39368K, reserved 1083392K
  class space    used 4437K, capacity 4702K, committed 4808K, reserved 1048576K
}
2019-08-01T15:37:34.747+0300: 15722.914: Total time for which application threads were stopped: 0.0073084 seconds, Stopping threads took: 0.0000212 seconds
2019-08-01T15:37:34.784+0300: 15722.951: Total time for which application threads were stopped: 0.0002283 seconds, Stopping threads took: 0.0001588 seconds
2019-08-01T15:37:34.784+0300: 15722.951: Total time for which application threads were stopped: 0.0000658 seconds, Stopping threads took: 0.0000217 seconds
2019-08-01T15:37:34.786+0300: 15722.952: Total time for which application threads were stopped: 0.0000841 seconds, Stopping threads took: 0.0000317 seconds
2019-08-01T15:37:35.296+0300: 15723.462: Total time for which application threads were stopped: 0.0001620 seconds, Stopping threads took: 0.0000370 seconds
2019-08-01T15:37:35.296+0300: 15723.463: Total time for which application threads were stopped: 0.0000953 seconds, Stopping threads took: 0.0000221 seconds
2019-08-01T15:37:35.302+0300: 15723.468: Total time for which application threads were stopped: 0.0003519 seconds, Stopping threads took: 0.0001698 seconds
2019-08-01T15:37:35.302+0300: 15723.469: Total time for which application threads were stopped: 0.0005185 seconds, Stopping threads took: 0.0002097 seconds
2019-08-01T15:37:35.303+0300: 15723.470: Total time for which application threads were stopped: 0.0003864 seconds, Stopping threads took: 0.0001167 seconds
2019-08-01T15:37:36.303+0300: 15724.470: Total time for which application threads were stopped: 0.0001119 seconds, Stopping threads took: 0.0000213 seconds
{Heap before GC invocations=26 (full 1):
 par new generation   total 109248K, used 92802K [0x00000000e0000000, 0x00000000e8000000, 0x00000000e8000000)
  eden space 87424K, 100% used [0x00000000e0000000, 0x00000000e5560000, 0x00000000e5560000)
  from space 21824K,  24% used [0x00000000e5560000, 0x00000000e5aa0aa0, 0x00000000e6ab0000)
  to   space 21824K,   0% used [0x00000000e6ab0000, 0x00000000e6ab0000, 0x00000000e8000000)
 concurrent mark-sweep generation total 393216K, used 18090K [0x00000000e8000000, 0x0000000100000000, 0x0000000100000000)
 Metaspace       used 38119K, capacity 38952K, committed 39368K, reserved 1083392K
  class space    used 4437K, capacity 4702K, committed 4808K, reserved 1048576K
2019-08-01T15:37:42.797+0300: 15730.963: [GC (Allocation Failure) 2019-08-01T15:37:42.797+0300: 15730.964: [ParNew
Desired survivor size 20112992 bytes, new threshold 8 (max 8)
- age   1:    2951936 bytes,    2951936 total
- age   2:      19000 bytes,    2970936 total
- age   3:     256096 bytes,    3227032 total
- age   4:     237360 bytes,    3464392 total
- age   5:     151128 bytes,    3615520 total
- age   6:      30448 bytes,    3645968 total
- age   7:     165272 bytes,    3811240 total
- age   8:     171648 bytes,    3982888 total
: 92802K->5387K(109248K), 0.0055166 secs] 110893K->23497K(502464K), 0.0055883 secs] [Times: user=0.01 sys=0.00, real=0.01 secs] 
Heap after GC invocations=27 (full 1):
 par new generation   total 109248K, used 5387K [0x00000000e0000000, 0x00000000e8000000, 0x00000000e8000000)
  eden space 87424K,   0% used [0x00000000e0000000, 0x00000000e0000000, 0x00000000e5560000)
  from space 21824K,  24% used [0x00000000e6ab0000, 0x00000000e6ff2f10, 0x00000000e8000000)
  to   space 21824K,   0% used [0x00000000e5560000, 0x00000000e5560000, 0x00000000e6ab0000)
 concurrent mark-sweep generation total 393216K, used 18109K [0x00000000e8000000, 0x0000000100000000, 0x0000000100000000)
 Metaspace       used 38119K, capacity 38952K, committed 39368K, reserved 1083392K
  class space    used 4437K, capacity 4702K, committed 4808K, reserved 1048576K
}
2019-08-01T15:37:42.802+0300: 15730.969: Total time for which application threads were stopped: 0.0057518 seconds, Stopping threads took: 0.0000402 seconds
2019-08-01T15:37:42.803+0300: 15730.969: Total time for which application threads were stopped: 0.0001523 seconds, Stopping threads took: 0.0000366 seconds
2019-08-01T15:37:42.896+0300: 15731.063: Total time for which application threads were stopped: 0.0000934 seconds, Stopping threads took: 0.0000264 seconds
2019-08-01T15:37:42.898+0300: 15731.065: Total time for which application threads were stopped: 0.0001245 seconds, Stopping threads took: 0.0000532 seconds
2019-08-01T15:37:43.518+0300: 15731.684: Total time for which application threads were stopped: 0.0004400 seconds, Stopping threads took: 0.0002411 seconds
2019-08-01T15:37:43.518+0300: 15731.684: Total time for which application threads were stopped: 0.0001799 seconds, Stopping threads took: 0.0000663 seconds
2019-08-01T15:37:43.523+0300: 15731.690: Total time for which application threads were stopped: 0.0003299 seconds, Stopping threads took: 0.0000908 seconds
{Heap before GC invocations=27 (full 1):
 par new generation   total 109248K, used 92811K [0x00000000e0000000, 0x00000000e8000000, 0x00000000e8000000)
  eden space 87424K, 100% used [0x00000000e0000000, 0x00000000e5560000, 0x00000000e5560000)
  from space 21824K,  24% used [0x00000000e6ab0000, 0x00000000e6ff2f10, 0x00000000e8000000)
  to   space 21824K,   0% used [0x00000000e5560000, 0x00000000e5560000, 0x00000000e6ab0000)
 concurrent mark-sweep generation total 393216K, used 18109K [0x00000000e8000000, 0x0000000100000000, 0x0000000100000000)
 Metaspace       used 38131K, capacity 38952K, committed 39368K, reserved 1083392K
  class space    used 4437K, capacity 4702K, committed 4808K, reserved 1048576K
2019-08-01T15:37:50.990+0300: 15739.157: [GC (Allocation Failure) 2019-08-01T15:37:50.990+0300: 15739.157: [ParNew
Desired survivor size 20112992 bytes, new threshold 8 (max 8)
- age   1:    2741472 bytes,    2741472 total
- age   2:     240640 bytes,    2982112 total
- age   3:      19000 bytes,    3001112 total
- age   4:     254432 bytes,    3255544 total
- age   5:     166184 bytes,    3421728 total
- age   6:     150976 bytes,    3572704 total
- age   7:      30448 bytes,    3603152 total
- age   8:     165080 bytes,    3768232 total
: 92811K->4870K(109248K), 0.0064746 secs] 110921K->23148K(502464K), 0.0065362 secs] [Times: user=0.02 sys=0.00, real=0.00 secs] 
Heap after GC invocations=28 (full 1):
 par new generation   total 109248K, used 4870K [0x00000000e0000000, 0x00000000e8000000, 0x00000000e8000000)
  eden space 87424K,   0% used [0x00000000e0000000, 0x00000000e0000000, 0x00000000e5560000)
  from space 21824K,  22% used [0x00000000e5560000, 0x00000000e5a21b70, 0x00000000e6ab0000)
  to   space 21824K,   0% used [0x00000000e6ab0000, 0x00000000e6ab0000, 0x00000000e8000000)
 concurrent mark-sweep generation total 393216K, used 18277K [0x00000000e8000000, 0x0000000100000000, 0x0000000100000000)
 Metaspace       used 38131K, capacity 38952K, committed 39368K, reserved 1083392K
  class space    used 4437K, capacity 4702K, committed 4808K, reserved 1048576K
}
2019-08-01T15:37:50.997+0300: 15739.163: Total time for which application threads were stopped: 0.0067002 seconds, Stopping threads took: 0.0000569 seconds
2019-08-01T15:37:51.150+0300: 15739.316: Total time for which application threads were stopped: 0.0001189 seconds, Stopping threads took: 0.0000620 seconds
2019-08-01T15:37:51.151+0300: 15739.318: Total time for which application threads were stopped: 0.0001039 seconds, Stopping threads took: 0.0000421 seconds
2019-08-01T15:37:51.641+0300: 15739.808: Total time for which application threads were stopped: 0.0004130 seconds, Stopping threads took: 0.0002486 seconds
2019-08-01T15:37:51.642+0300: 15739.809: Total time for which application threads were stopped: 0.0002794 seconds, Stopping threads took: 0.0001257 seconds
2019-08-01T15:37:51.643+0300: 15739.809: Total time for which application threads were stopped: 0.0002210 seconds, Stopping threads took: 0.0000776 seconds
2019-08-01T15:37:51.644+0300: 15739.810: Total time for which application threads were stopped: 0.0002618 seconds, Stopping threads took: 0.0000909 seconds
2019-08-01T15:37:51.646+0300: 15739.813: Total time for which application threads were stopped: 0.0004812 seconds, Stopping threads took: 0.0000961 seconds
2019-08-01T15:37:51.650+0300: 15739.817: Total time for which application threads were stopped: 0.0005000 seconds, Stopping threads took: 0.0003287 seconds
2019-08-01T15:37:51.651+0300: 15739.818: Total time for which application threads were stopped: 0.0002713 seconds, Stopping threads took: 0.0001070 seconds
2019-08-01T15:37:51.658+0300: 15739.825: Total time for which application threads were stopped: 0.0001749 seconds, Stopping threads took: 0.0000424 seconds
2019-08-01T15:37:51.665+0300: 15739.831: Total time for which application threads were stopped: 0.0001421 seconds, Stopping threads took: 0.0000360 seconds
2019-08-01T15:37:51.670+0300: 15739.836: Total time for which application threads were stopped: 0.0001060 seconds, Stopping threads took: 0.0000307 seconds
2019-08-01T15:37:51.672+0300: 15739.839: Total time for which application threads were stopped: 0.0001399 seconds, Stopping threads took: 0.0000760 seconds
2019-08-01T15:37:51.674+0300: 15739.840: Total time for which application threads were stopped: 0.0000684 seconds, Stopping threads took: 0.0000151 seconds
2019-08-01T15:37:51.675+0300: 15739.842: Total time for which application threads were stopped: 0.0000643 seconds, Stopping threads took: 0.0000143 seconds
2019-08-01T15:37:51.676+0300: 15739.843: Total time for which application threads were stopped: 0.0000586 seconds, Stopping threads took: 0.0000129 seconds
2019-08-01T15:37:51.677+0300: 15739.844: Total time for which application threads were stopped: 0.0000745 seconds, Stopping threads took: 0.0000335 seconds
2019-08-01T15:37:51.678+0300: 15739.845: Total time for which application threads were stopped: 0.0000753 seconds, Stopping threads took: 0.0000336 seconds
2019-08-01T15:37:51.681+0300: 15739.848: Total time for which application threads were stopped: 0.0000798 seconds, Stopping threads took: 0.0000238 seconds
2019-08-01T15:37:51.682+0300: 15739.848: Total time for which application threads were stopped: 0.0000402 seconds, Stopping threads took: 0.0000125 seconds
2019-08-01T15:37:51.682+0300: 15739.848: Total time for which application threads were stopped: 0.0000324 seconds, Stopping threads took: 0.0000106 seconds
2019-08-01T15:37:51.682+0300: 15739.848: Total time for which application threads were stopped: 0.0000334 seconds, Stopping threads took: 0.0000108 seconds
2019-08-01T15:37:51.682+0300: 15739.848: Total time for which application threads were stopped: 0.0000924 seconds, Stopping threads took: 0.0000102 seconds
{Heap before GC invocations=28 (full 1):
 par new generation   total 109248K, used 92294K [0x00000000e0000000, 0x00000000e8000000, 0x00000000e8000000)
  eden space 87424K, 100% used [0x00000000e0000000, 0x00000000e5560000, 0x00000000e5560000)
  from space 21824K,  22% used [0x00000000e5560000, 0x00000000e5a21b70, 0x00000000e6ab0000)
  to   space 21824K,   0% used [0x00000000e6ab0000, 0x00000000e6ab0000, 0x00000000e8000000)
 concurrent mark-sweep generation total 393216K, used 18277K [0x00000000e8000000, 0x0000000100000000, 0x0000000100000000)
 Metaspace       used 38147K, capacity 38952K, committed 39368K, reserved 1083392K
  class space    used 4437K, capacity 4702K, committed 4808K, reserved 1048576K
2019-08-01T15:37:51.683+0300: 15739.850: [GC (Allocation Failure) 2019-08-01T15:37:51.683+0300: 15739.850: [ParNew
Desired survivor size 20112992 bytes, new threshold 8 (max 8)
- age   1:    1307584 bytes,    1307584 total
- age   2:     239240 bytes,    1546824 total
- age   3:     238880 bytes,    1785704 total
- age   4:      19000 bytes,    1804704 total
- age   5:     183232 bytes,    1987936 total
- age   6:     166184 bytes,    2154120 total
- age   7:     150896 bytes,    2305016 total
- age   8:      30448 bytes,    2335464 total
: 92294K->3734K(109248K), 0.0121415 secs] 110572K->22173K(502464K), 0.0122166 secs] [Times: user=0.03 sys=0.00, real=0.01 secs] 
Heap after GC invocations=29 (full 1):
 par new generation   total 109248K, used 3734K [0x00000000e0000000, 0x00000000e8000000, 0x00000000e8000000)
  eden space 87424K,   0% used [0x00000000e0000000, 0x00000000e0000000, 0x00000000e5560000)
  from space 21824K,  17% used [0x00000000e6ab0000, 0x00000000e6e55880, 0x00000000e8000000)
  to   space 21824K,   0% used [0x00000000e5560000, 0x00000000e5560000, 0x00000000e6ab0000)
 concurrent mark-sweep generation total 393216K, used 18438K [0x00000000e8000000, 0x0000000100000000, 0x0000000100000000)
 Metaspace       used 38147K, capacity 38952K, committed 39368K, reserved 1083392K
  class space    used 4437K, capacity 4702K, committed 4808K, reserved 1048576K
}
2019-08-01T15:37:51.695+0300: 15739.862: Total time for which application threads were stopped: 0.0123554 seconds, Stopping threads took: 0.0000246 seconds
2019-08-01T15:37:52.696+0300: 15740.862: Total time for which application threads were stopped: 0.0002145 seconds, Stopping threads took: 0.0000318 seconds
{Heap before GC invocations=29 (full 1):
 par new generation   total 109248K, used 91158K [0x00000000e0000000, 0x00000000e8000000, 0x00000000e8000000)
  eden space 87424K, 100% used [0x00000000e0000000, 0x00000000e5560000, 0x00000000e5560000)
  from space 21824K,  17% used [0x00000000e6ab0000, 0x00000000e6e55880, 0x00000000e8000000)
  to   space 21824K,   0% used [0x00000000e5560000, 0x00000000e5560000, 0x00000000e6ab0000)
 concurrent mark-sweep generation total 393216K, used 18438K [0x00000000e8000000, 0x0000000100000000, 0x0000000100000000)
 Metaspace       used 38179K, capacity 39020K, committed 39368K, reserved 1083392K
  class space    used 4438K, capacity 4702K, committed 4808K, reserved 1048576K
2019-08-01T15:37:59.581+0300: 15747.748: [GC (Allocation Failure) 2019-08-01T15:37:59.581+0300: 15747.748: [ParNew
Desired survivor size 20112992 bytes, new threshold 8 (max 8)
- age   1:    5044968 bytes,    5044968 total
- age   2:     941496 bytes,    5986464 total
- age   3:     237832 bytes,    6224296 total
- age   4:     238592 bytes,    6462888 total
- age   5:      19000 bytes,    6481888 total
- age   6:     182832 bytes,    6664720 total
- age   7:     164984 bytes,    6829704 total
- age   8:     150752 bytes,    6980456 total
: 91158K->7386K(109248K), 0.0055589 secs] 109597K->25855K(502464K), 0.0056427 secs] [Times: user=0.02 sys=0.00, real=0.01 secs] 
Heap after GC invocations=30 (full 1):
 par new generation   total 109248K, used 7386K [0x00000000e0000000, 0x00000000e8000000, 0x00000000e8000000)
  eden space 87424K,   0% used [0x00000000e0000000, 0x00000000e0000000, 0x00000000e5560000)
  from space 21824K,  33% used [0x00000000e5560000, 0x00000000e5c96a80, 0x00000000e6ab0000)
  to   space 21824K,   0% used [0x00000000e6ab0000, 0x00000000e6ab0000, 0x00000000e8000000)
 concurrent mark-sweep generation total 393216K, used 18468K [0x00000000e8000000, 0x0000000100000000, 0x0000000100000000)
 Metaspace       used 38179K, capacity 39020K, committed 39368K, reserved 1083392K
  class space    used 4438K, capacity 4702K, committed 4808K, reserved 1048576K
}
2019-08-01T15:37:59.587+0300: 15747.754: Total time for which application threads were stopped: 0.0057700 seconds, Stopping threads took: 0.0000186 seconds
{Heap before GC invocations=30 (full 1):
 par new generation   total 109248K, used 94810K [0x00000000e0000000, 0x00000000e8000000, 0x00000000e8000000)
  eden space 87424K, 100% used [0x00000000e0000000, 0x00000000e5560000, 0x00000000e5560000)
  from space 21824K,  33% used [0x00000000e5560000, 0x00000000e5c96a80, 0x00000000e6ab0000)
  to   space 21824K,   0% used [0x00000000e6ab0000, 0x00000000e6ab0000, 0x00000000e8000000)
 concurrent mark-sweep generation total 393216K, used 18468K [0x00000000e8000000, 0x0000000100000000, 0x0000000100000000)
 Metaspace       used 38179K, capacity 39020K, committed 39368K, reserved 1083392K
  class space    used 4438K, capacity 4702K, committed 4808K, reserved 1048576K
2019-08-01T15:37:59.737+0300: 15747.903: [GC (Allocation Failure) 2019-08-01T15:37:59.737+0300: 15747.903: [ParNew
Desired survivor size 20112992 bytes, new threshold 8 (max 8)
- age   1:     641424 bytes,     641424 total
- age   2:    4934560 bytes,    5575984 total
- age   3:     941432 bytes,    6517416 total
- age   4:     237832 bytes,    6755248 total
- age   5:     238576 bytes,    6993824 total
- age   6:      19000 bytes,    7012824 total
- age   7:     182816 bytes,    7195640 total
- age   8:     164968 bytes,    7360608 total
: 94810K->10453K(109248K), 0.0060229 secs] 113279K->29069K(502464K), 0.0060979 secs] [Times: user=0.02 sys=0.00, real=0.01 secs] 
Heap after GC invocations=31 (full 1):
 par new generation   total 109248K, used 10453K [0x00000000e0000000, 0x00000000e8000000, 0x00000000e8000000)
  eden space 87424K,   0% used [0x00000000e0000000, 0x00000000e0000000, 0x00000000e5560000)
  from space 21824K,  47% used [0x00000000e6ab0000, 0x00000000e74e56c0, 0x00000000e8000000)
  to   space 21824K,   0% used [0x00000000e5560000, 0x00000000e5560000, 0x00000000e6ab0000)
 concurrent mark-sweep generation total 393216K, used 18616K [0x00000000e8000000, 0x0000000100000000, 0x0000000100000000)
 Metaspace       used 38179K, capacity 39020K, committed 39368K, reserved 1083392K
  class space    used 4438K, capacity 4702K, committed 4808K, reserved 1048576K
}
2019-08-01T15:37:59.743+0300: 15747.909: Total time for which application threads were stopped: 0.0062504 seconds, Stopping threads took: 0.0000398 seconds
2019-08-01T15:37:59.762+0300: 15747.928: Total time for which application threads were stopped: 0.0001184 seconds, Stopping threads took: 0.0000429 seconds
2019-08-01T15:37:59.762+0300: 15747.929: Total time for which application threads were stopped: 0.0000587 seconds, Stopping threads took: 0.0000167 seconds
2019-08-01T15:37:59.762+0300: 15747.929: Total time for which application threads were stopped: 0.0000420 seconds, Stopping threads took: 0.0000115 seconds
2019-08-01T15:37:59.762+0300: 15747.929: Total time for which application threads were stopped: 0.0000387 seconds, Stopping threads took: 0.0000109 seconds
2019-08-01T15:37:59.762+0300: 15747.929: Total time for which application threads were stopped: 0.0000365 seconds, Stopping threads took: 0.0000101 seconds
2019-08-01T15:37:59.763+0300: 15747.929: Total time for which application threads were stopped: 0.0000695 seconds, Stopping threads took: 0.0000238 seconds
2019-08-01T15:37:59.763+0300: 15747.929: Total time for which application threads were stopped: 0.0000500 seconds, Stopping threads took: 0.0000132 seconds
2019-08-01T15:37:59.763+0300: 15747.930: Total time for which application threads were stopped: 0.0000869 seconds, Stopping threads took: 0.0000374 seconds
2019-08-01T15:37:59.763+0300: 15747.930: Total time for which application threads were stopped: 0.0000576 seconds, Stopping threads took: 0.0000263 seconds
2019-08-01T15:37:59.763+0300: 15747.930: Total time for which application threads were stopped: 0.0000351 seconds, Stopping threads took: 0.0000120 seconds
2019-08-01T15:37:59.763+0300: 15747.930: Total time for which application threads were stopped: 0.0000454 seconds, Stopping threads took: 0.0000138 seconds
2019-08-01T15:37:59.865+0300: 15748.031: Total time for which application threads were stopped: 0.0001558 seconds, Stopping threads took: 0.0000395 seconds
2019-08-01T15:38:00.859+0300: 15749.026: Total time for which application threads were stopped: 0.0003539 seconds, Stopping threads took: 0.0002060 seconds
2019-08-01T15:38:00.859+0300: 15749.026: Total time for which application threads were stopped: 0.0002235 seconds, Stopping threads took: 0.0001007 seconds
2019-08-01T15:38:00.860+0300: 15749.027: Total time for which application threads were stopped: 0.0003482 seconds, Stopping threads took: 0.0002214 seconds
2019-08-01T15:38:00.862+0300: 15749.028: Total time for which application threads were stopped: 0.0001960 seconds, Stopping threads took: 0.0000952 seconds
2019-08-01T15:38:00.862+0300: 15749.028: Total time for which application threads were stopped: 0.0001476 seconds, Stopping threads took: 0.0000370 seconds
2019-08-01T15:38:00.862+0300: 15749.029: Total time for which application threads were stopped: 0.0001220 seconds, Stopping threads took: 0.0000442 seconds
2019-08-01T15:38:00.862+0300: 15749.029: Total time for which application threads were stopped: 0.0001264 seconds, Stopping threads took: 0.0000493 seconds
2019-08-01T15:38:00.863+0300: 15749.029: Total time for which application threads were stopped: 0.0001078 seconds, Stopping threads took: 0.0000355 seconds
2019-08-01T15:38:00.863+0300: 15749.030: Total time for which application threads were stopped: 0.0001406 seconds, Stopping threads took: 0.0000655 seconds
2019-08-01T15:38:00.863+0300: 15749.030: Total time for which application threads were stopped: 0.0001037 seconds, Stopping threads took: 0.0000320 seconds
2019-08-01T15:38:00.864+0300: 15749.030: Total time for which application threads were stopped: 0.0001400 seconds, Stopping threads took: 0.0000374 seconds
2019-08-01T15:38:00.864+0300: 15749.030: Total time for which application threads were stopped: 0.0001312 seconds, Stopping threads took: 0.0000337 seconds
2019-08-01T15:38:00.864+0300: 15749.031: Total time for which application threads were stopped: 0.0000932 seconds, Stopping threads took: 0.0000305 seconds
2019-08-01T15:38:00.864+0300: 15749.031: Total time for which application threads were stopped: 0.0001326 seconds, Stopping threads took: 0.0000359 seconds
2019-08-01T15:38:00.864+0300: 15749.031: Total time for which application threads were stopped: 0.0001287 seconds, Stopping threads took: 0.0000338 seconds
2019-08-01T15:38:00.865+0300: 15749.031: Total time for which application threads were stopped: 0.0001259 seconds, Stopping threads took: 0.0000326 seconds
2019-08-01T15:38:00.865+0300: 15749.032: Total time for which application threads were stopped: 0.0001400 seconds, Stopping threads took: 0.0000369 seconds
2019-08-01T15:38:00.866+0300: 15749.032: Total time for which application threads were stopped: 0.0003224 seconds, Stopping threads took: 0.0002408 seconds
2019-08-01T15:38:00.866+0300: 15749.032: Total time for which application threads were stopped: 0.0001214 seconds, Stopping threads took: 0.0000585 seconds
2019-08-01T15:38:00.866+0300: 15749.033: Total time for which application threads were stopped: 0.0002758 seconds, Stopping threads took: 0.0000659 seconds
2019-08-01T15:38:00.866+0300: 15749.033: Total time for which application threads were stopped: 0.0001276 seconds, Stopping threads took: 0.0000619 seconds
2019-08-01T15:38:00.867+0300: 15749.033: Total time for which application threads were stopped: 0.0001507 seconds, Stopping threads took: 0.0000637 seconds
2019-08-01T15:38:00.867+0300: 15749.034: Total time for which application threads were stopped: 0.0004070 seconds, Stopping threads took: 0.0003120 seconds
2019-08-01T15:38:00.868+0300: 15749.034: Total time for which application threads were stopped: 0.0003655 seconds, Stopping threads took: 0.0001411 seconds
2019-08-01T15:38:00.868+0300: 15749.035: Total time for which application threads were stopped: 0.0002048 seconds, Stopping threads took: 0.0001204 seconds
2019-08-01T15:38:01.868+0300: 15750.035: Total time for which application threads were stopped: 0.0001121 seconds, Stopping threads took: 0.0000244 seconds
{Heap before GC invocations=31 (full 1):
 par new generation   total 109248K, used 97877K [0x00000000e0000000, 0x00000000e8000000, 0x00000000e8000000)
  eden space 87424K, 100% used [0x00000000e0000000, 0x00000000e5560000, 0x00000000e5560000)
  from space 21824K,  47% used [0x00000000e6ab0000, 0x00000000e74e56c0, 0x00000000e8000000)
  to   space 21824K,   0% used [0x00000000e5560000, 0x00000000e5560000, 0x00000000e6ab0000)
 concurrent mark-sweep generation total 393216K, used 18616K [0x00000000e8000000, 0x0000000100000000, 0x0000000100000000)
 Metaspace       used 38185K, capacity 39020K, committed 39368K, reserved 1083392K
  class space    used 4438K, capacity 4702K, committed 4808K, reserved 1048576K
2019-08-01T15:38:07.272+0300: 15755.439: [GC (Allocation Failure) 2019-08-01T15:38:07.272+0300: 15755.439: [ParNew
Desired survivor size 20112992 bytes, new threshold 8 (max 8)
- age   1:    3027488 bytes,    3027488 total
- age   2:      18888 bytes,    3046376 total
- age   3:    2621432 bytes,    5667808 total
- age   4:     660064 bytes,    6327872 total
- age   5:      73376 bytes,    6401248 total
- age   6:       4080 bytes,    6405328 total
- age   7:        168 bytes,    6405496 total
- age   8:      18152 bytes,    6423648 total
: 97877K->9005K(109248K), 0.0060867 secs] 116493K->27631K(502464K), 0.0061890 secs] [Times: user=0.02 sys=0.00, real=0.00 secs] 
Heap after GC invocations=32 (full 1):
 par new generation   total 109248K, used 9005K [0x00000000e0000000, 0x00000000e8000000, 0x00000000e8000000)
  eden space 87424K,   0% used [0x00000000e0000000, 0x00000000e0000000, 0x00000000e5560000)
  from space 21824K,  41% used [0x00000000e5560000, 0x00000000e5e2b440, 0x00000000e6ab0000)
  to   space 21824K,   0% used [0x00000000e6ab0000, 0x00000000e6ab0000, 0x00000000e8000000)
 concurrent mark-sweep generation total 393216K, used 18626K [0x00000000e8000000, 0x0000000100000000, 0x0000000100000000)
 Metaspace       used 38185K, capacity 39020K, committed 39368K, reserved 1083392K
  class space    used 4438K, capacity 4702K, committed 4808K, reserved 1048576K
}
2019-08-01T15:38:07.278+0300: 15755.445: Total time for which application threads were stopped: 0.0063501 seconds, Stopping threads took: 0.0000322 seconds
2019-08-01T15:38:07.330+0300: 15755.496: Total time for which application threads were stopped: 0.0001062 seconds, Stopping threads took: 0.0000381 seconds
2019-08-01T15:38:07.330+0300: 15755.497: Total time for which application threads were stopped: 0.0000513 seconds, Stopping threads took: 0.0000138 seconds
2019-08-01T15:38:07.331+0300: 15755.498: Total time for which application threads were stopped: 0.0000955 seconds, Stopping threads took: 0.0000304 seconds
2019-08-01T15:38:07.975+0300: 15756.142: Total time for which application threads were stopped: 0.0002781 seconds, Stopping threads took: 0.0001303 seconds
2019-08-01T15:38:07.976+0300: 15756.142: Total time for which application threads were stopped: 0.0002339 seconds, Stopping threads took: 0.0000844 seconds
2019-08-01T15:38:07.976+0300: 15756.143: Total time for which application threads were stopped: 0.0001436 seconds, Stopping threads took: 0.0000594 seconds
2019-08-01T15:38:08.113+0300: 15756.279: Total time for which application threads were stopped: 0.0000839 seconds, Stopping threads took: 0.0000247 seconds
2019-08-01T15:38:08.113+0300: 15756.280: Total time for which application threads were stopped: 0.0000939 seconds, Stopping threads took: 0.0000241 seconds
2019-08-01T15:38:08.664+0300: 15756.830: Total time for which application threads were stopped: 0.0001975 seconds, Stopping threads took: 0.0000461 seconds
2019-08-01T15:38:08.664+0300: 15756.831: Total time for which application threads were stopped: 0.0001593 seconds, Stopping threads took: 0.0000357 seconds
2019-08-01T15:38:08.665+0300: 15756.831: Total time for which application threads were stopped: 0.0001578 seconds, Stopping threads took: 0.0000356 seconds
2019-08-01T15:38:08.669+0300: 15756.836: Total time for which application threads were stopped: 0.0005321 seconds, Stopping threads took: 0.0003705 seconds
2019-08-01T15:38:08.896+0300: 15757.062: Total time for which application threads were stopped: 0.0000888 seconds, Stopping threads took: 0.0000215 seconds
2019-08-01T15:39:10.742+0300: 15818.908: Total time for which application threads were stopped: 0.0000734 seconds, Stopping threads took: 0.0000265 seconds
2019-08-01T15:39:10.742+0300: 15818.909: Total time for which application threads were stopped: 0.0000439 seconds, Stopping threads took: 0.0000180 seconds
2019-08-01T15:39:10.747+0300: 15818.914: Total time for which application threads were stopped: 0.0001203 seconds, Stopping threads took: 0.0000450 seconds
2019-08-01T15:39:10.748+0300: 15818.914: Total time for which application threads were stopped: 0.0000822 seconds, Stopping threads took: 0.0000328 seconds
2019-08-01T15:39:10.748+0300: 15818.915: Total time for which application threads were stopped: 0.0000864 seconds, Stopping threads took: 0.0000446 seconds
2019-08-01T15:39:10.748+0300: 15818.915: Total time for which application threads were stopped: 0.0000582 seconds, Stopping threads took: 0.0000247 seconds
2019-08-01T15:39:10.751+0300: 15818.918: Total time for which application threads were stopped: 0.0001552 seconds, Stopping threads took: 0.0000774 seconds
2019-08-01T15:39:10.754+0300: 15818.921: Total time for which application threads were stopped: 0.0001330 seconds, Stopping threads took: 0.0000465 seconds
2019-08-01T15:39:10.754+0300: 15818.921: Total time for which application threads were stopped: 0.0001076 seconds, Stopping threads took: 0.0000425 seconds
2019-08-01T15:39:10.777+0300: 15818.944: Total time for which application threads were stopped: 0.0001674 seconds, Stopping threads took: 0.0000600 seconds
2019-08-01T15:39:10.779+0300: 15818.946: Total time for which application threads were stopped: 0.0000761 seconds, Stopping threads took: 0.0000252 seconds
2019-08-01T15:39:10.780+0300: 15818.947: Total time for which application threads were stopped: 0.0000717 seconds, Stopping threads took: 0.0000231 seconds
2019-08-01T15:39:10.780+0300: 15818.947: Total time for which application threads were stopped: 0.0000360 seconds, Stopping threads took: 0.0000112 seconds
2019-08-01T15:39:10.782+0300: 15818.948: Total time for which application threads were stopped: 0.0000738 seconds, Stopping threads took: 0.0000227 seconds
2019-08-01T15:39:10.782+0300: 15818.949: Total time for which application threads were stopped: 0.0000667 seconds, Stopping threads took: 0.0000178 seconds
2019-08-01T15:39:10.783+0300: 15818.950: Total time for which application threads were stopped: 0.0008942 seconds, Stopping threads took: 0.0008405 seconds
2019-08-01T15:39:10.783+0300: 15818.950: Total time for which application threads were stopped: 0.0001974 seconds, Stopping threads took: 0.0001551 seconds
2019-08-01T15:39:10.783+0300: 15818.950: Total time for which application threads were stopped: 0.0000645 seconds, Stopping threads took: 0.0000282 seconds
2019-08-01T15:39:10.784+0300: 15818.951: Total time for which application threads were stopped: 0.0001009 seconds, Stopping threads took: 0.0000393 seconds
2019-08-01T15:39:10.785+0300: 15818.951: Total time for which application threads were stopped: 0.0000699 seconds, Stopping threads took: 0.0000287 seconds
2019-08-01T15:39:10.785+0300: 15818.952: Total time for which application threads were stopped: 0.0000938 seconds, Stopping threads took: 0.0000372 seconds
2019-08-01T15:39:10.788+0300: 15818.954: Total time for which application threads were stopped: 0.0001058 seconds, Stopping threads took: 0.0000453 seconds
2019-08-01T15:39:11.788+0300: 15819.955: Total time for which application threads were stopped: 0.0000725 seconds, Stopping threads took: 0.0000195 seconds
2019-08-01T15:39:24.790+0300: 15832.957: Total time for which application threads were stopped: 0.0002366 seconds, Stopping threads took: 0.0000595 seconds
2019-08-01T15:39:46.651+0300: 15854.818: Total time for which application threads were stopped: 0.0000810 seconds, Stopping threads took: 0.0000322 seconds
2019-08-01T15:39:46.652+0300: 15854.818: Total time for which application threads were stopped: 0.0000463 seconds, Stopping threads took: 0.0000205 seconds
2019-08-01T15:39:46.652+0300: 15854.819: Total time for which application threads were stopped: 0.0002245 seconds, Stopping threads took: 0.0000178 seconds
2019-08-01T15:39:46.663+0300: 15854.829: Total time for which application threads were stopped: 0.0001114 seconds, Stopping threads took: 0.0000411 seconds
2019-08-01T15:39:46.665+0300: 15854.832: Total time for which application threads were stopped: 0.0001123 seconds, Stopping threads took: 0.0000563 seconds
2019-08-01T15:39:46.743+0300: 15854.910: Total time for which application threads were stopped: 0.0001023 seconds, Stopping threads took: 0.0000206 seconds
2019-08-01T15:40:36.749+0300: 15904.915: Total time for which application threads were stopped: 0.0002284 seconds, Stopping threads took: 0.0000798 seconds
2019-08-01T15:41:26.681+0300: 15954.847: Total time for which application threads were stopped: 0.0002324 seconds, Stopping threads took: 0.0000808 seconds
2019-08-01T15:47:44.430+0300: 16332.596: Total time for which application threads were stopped: 0.0000809 seconds, Stopping threads took: 0.0000323 seconds
2019-08-01T15:47:44.430+0300: 16332.597: Total time for which application threads were stopped: 0.0000393 seconds, Stopping threads took: 0.0000091 s